******************************************************************************
               TMS320C6x Linker PC v7.4.1                      
******************************************************************************
>> Linked Tue Nov 21 10:23:09 2017

OUTPUT FILE NAME:   <BD_Bistatic_SAR.out>
ENTRY POINT SYMBOL: "_c_int00"  address: 0c12cdc0


MEMORY CONFIGURATION

         name            origin    length      used     unused   attr    fill
----------------------  --------  ---------  --------  --------  ----  --------
  L2SRAM                00800000   00080000  0002f940  000506c0  RW X
  L1PSRAM               00e00000   00008000  00000000  00008000  RW X
  L1DSRAM               00f00000   00008000  00000000  00008000  RW  
  MSMCSRAM              0c000000   00400000  001e9bd0  00216430  RW X
  DDR3                  80000000   20000000  00300000  1fd00000  RW X


SEGMENT ALLOCATION MAP

run origin  load origin   length   init length attrs members
----------  ----------- ---------- ----------- ----- -------
00800000    00800000    00027828   00020028    rw-
  00800000    00800000    00020028   00020028    rw- .L2
  00820028    00820028    00007800   00000000    rw- .far:taskStackSection
00827828    00827828    0000000c   0000000c    rw-
  00827828    00827828    0000000c   0000000c    rw- .Raco_Vec_C6678_L2
00827880    00827880    00007488   00000000    rw-
  00827880    00827880    00004000   00000000    rw- .resmgr_memregion
  0082b880    0082b880    00002000   00000000    rw- .stack
  0082d880    0082d880    00001488   00000000    rw- .resmgr_pa
0082ed80    0082ed80    00000721   00000721    rw-
  0082ed80    0082ed80    00000721   00000721    rw- .qmssL2Mem
0082f4a8    0082f4a8    000001a4   000001a4    rw-
  0082f4a8    0082f4a8    000001a4   000001a4    rw- .CoreIntcL2Mem
0082f680    0082f680    00000318   00000318    rw-
  0082f680    0082f680    00000318   00000318    rw- .nimu_eth_ll2
0082f9a0    0082f9a0    000000a0   00000000    rw-
  0082f9a0    0082f9a0    000000a0   00000000    rw- .resmgr_handles
0c000000    0c000000    00010000   00010000    r-x
  0c000000    0c000000    00010000   00010000    r-x .text.1
0c010000    0c010000    000600c0   00000000    rw-
  0c010000    0c010000    000600c0   00000000    rw- .TI.bound:Srio_Recv_L3
0c0700c0    0c0700c0    00083840   00000000    rw-
  0c0700c0    0c0700c0    00083840   00000000    rw- .L3
0c0f3900    0c0f3900    00040840   00040840    r-x
  0c0f3900    0c0f3900    00040840   00040840    r-x .text.2
0c134140    0c134140    0004d784   0004d784    rw-
  0c134140    0c134140    0004d784   0004d784    rw- .far
0c1818d0    0c1818d0    00000030   00000030    r--
  0c1818d0    0c1818d0    00000030   00000030    r-- .const.1
0c181900    0c181900    0004b900   00000000    rw-
  0c181900    0c181900    0004b900   00000000    rw- .far:NDK_PACKETMEM
0c1cd200    0c1cd200    00000200   00000200    r--
  0c1cd200    0c1cd200    00000200   00000200    r-- .const.2
0c1cd400    0c1cd400    00002420   00000000    rw-
  0c1cd400    0c1cd400    00002420   00000000    rw- .qmssSharedMem
0c1cf880    0c1cf880    00001c00   00001c00    rw-
  0c1cf880    0c1cf880    00001c00   00001c00    rw- .cppiSharedMem
0c1d1500    0c1d1500    00007004   00007004    rw-
  0c1d1500    0c1d1500    00007004   00007004    rw- .srioSharedMem
0c1d8580    0c1d8580    00000010   00000000    rw-
  0c1d8580    0c1d8580    00000010   00000000    rw- .ChipIntc
0c1d8800    0c1d8800    000092ee   000092ee    r-x
  0c1d8800    0c1d8800    00000200   00000200    r-x .csl_vect
  0c1d8a00    0c1d8a00    000090ee   000090ee    r-- .const.3
0c1e1af0    0c1e1af0    00000010   00000010    rw-
  0c1e1af0    0c1e1af0    00000010   00000010    rw- .fardata.1
0c1e1b00    0c1e1b00    00002400   00000000    rw-
  0c1e1b00    0c1e1b00    00002400   00000000    rw- .qmss
0c1e3f00    0c1e3f00    000018ba   000018ba    rw-
  0c1e3f00    0c1e3f00    000018ba   000018ba    rw- .fardata.2
0c1e57c0    0c1e57c0    00002370   00001370    rw-
  0c1e57c0    0c1e57c0    00001370   00001370    rw- platform_lib
  0c1e6b30    0c1e6b30    00001000   00000000    rw- .far:NDK_OBJMEM
0c1e7b30    0c1e7b30    000000c8   000000c8    r--
  0c1e7b30    0c1e7b30    000000c8   000000c8    r-- .switch.1
0c1e7c00    0c1e7c00    00000460   00000460    r-x
  0c1e7c00    0c1e7c00    00000200   00000200    r-x .vecs
  0c1e7e00    0c1e7e00    00000260   00000260    r-- .switch.2
0c1e8080    0c1e8080    00000200   00000000    rw-
  0c1e8080    0c1e8080    00000200   00000000    rw- .cppi
0c1e8280    0c1e8280    000001d1   000001d1    rw-
  0c1e8280    0c1e8280    000000b0   000000b0    rw- .bss
  0c1e8330    0c1e8330    00000121   00000121    rw- .neardata
0c1e8454    0c1e8454    00000040   00000040    r--
  0c1e8454    0c1e8454    00000040   00000040    r-- .rodata
0c1e84a0    0c1e84a0    000001c0   000001c0    r-x
  0c1e84a0    0c1e84a0    000001c0   000001c0    r-x .racovec
0c1e8660    0c1e8660    00000120   00000000    rw-
  0c1e8660    0c1e8660    00000120   00000000    rw- .cio
0c1e8780    0c1e8780    00001498   00001498    r--
  0c1e8780    0c1e8780    00001498   00001498    r-- .cinit
80000000    80000000    00300000   00000000    rw-
  80000000    80000000    00300000   00000000    rw- systemHeap


SECTION ALLOCATION MAP

 output                                  attributes/
section   page    origin      length       input sections
--------  ----  ----------  ----------   ----------------
.init_array 
*          0    0c000000    00000000     UNINITIALIZED

.L2        0    00800000    00020028     
                  00800000    00020000     GlobalVar.obj (.L2:uninit) [fill = 0]
                  00820000    00000010     GlobalVar.obj (.L2:init)
                  00820010    00000010     utils_syn.obj (.L2:init)
                  00820020    00000008     utils_syn.obj (.L2:uninit) [fill = 0]

.far:taskStackSection 
*          0    00820028    00007800     UNINITIALIZED
                  00820028    00007800     app_pe66.oe66 (.far:taskStackSection)

.Raco_Vec_C6678_L2 
*          0    00827828    0000000c     
                  00827828    00000008     Raco_Vec_C6678.lib : Raco_Vec_C6678_SYN_MultiCore.obj (.Raco_Vec_C6678_L2:SYN:init)
                  00827830    00000004                        : Raco_Vec_C6678_SYN_MultiCore.obj (.Raco_Vec_C6678_L2:SYN:uninit) [fill = 0]

.resmgr_memregion 
*          0    00827880    00004000     UNINITIALIZED
                  00827880    00004000     resourcemgr.obj (.resmgr_memregion)

.stack     0    0082b880    00002000     UNINITIALIZED
                  0082b880    00000008     boot.ae66 : boot.oe66 (.stack)
                  0082b888    00001ff8     --HOLE--

.resmgr_pa 
*          0    0082d880    00001488     UNINITIALIZED
                  0082d880    00001488     resourcemgr.obj (.resmgr_pa)

.srioL2Mem 
*          0    0082ed80    00000000     UNINITIALIZED

.qmssL2Mem 
*          0    0082ed80    00000721     
                  0082ed80    00000720     c6678_2dsp_ddr3_vpx_lib.lib : qmss_drv.obj (.qmssL2Mem:uninit) [fill = 0]
                  0082f4a0    00000001                                 : qmss_drv.obj (.qmssL2Mem:init)

.cppiL2Mem 
*          0    0082f4a1    00000000     UNINITIALIZED

.CoreIntcL2Mem 
*          0    0082f4a8    000001a4     
                  0082f4a8    000000f0     c6678_2dsp_ddr3_vpx_lib.lib : intc.obj (.CoreIntcL2Mem:init)
                  0082f598    000000b4                                 : intc.obj (.CoreIntcL2Mem:uninit) [fill = 0]

.edma3     0    0082f64c    00000000     UNINITIALIZED

.VlfftSyn 
*          0    0082f64c    00000000     UNINITIALIZED

.nimu_eth_ll2 
*          0    0082f680    00000318     
                  0082f680    00000308     ti.transport.ndk.nimu.ae66 : nimu_eth.obj (.nimu_eth_ll2:uninit) [fill = 0]
                  0082f988    00000010                                : nimu_eth.obj (.nimu_eth_ll2:init)

.resmgr_handles 
*          0    0082f9a0    000000a0     UNINITIALIZED
                  0082f9a0    000000a0     resourcemgr.obj (.resmgr_handles)

xdc.meta   0    0c000000    000000f0     COPY SECTION
                  0c000000    000000f0     app_pe66.oe66 (xdc.meta)

.text.1    0    0c000000    00010000     
                  0c000000    00005160     c6678_2dsp_ddr3_vpx_lib.lib : srio_drv.obj (.text)
                  0c005160    00003920                                 : qmss_drv.obj (.text)
                  0c008a80    00003660                                 : ddr.obj (.text)
                  0c00c0e0    00003580                                 : cppi_drv.obj (.text)
                  0c00f660    000009a0     stk.ae66 : ipout.oe66 (.text:IPTxPacket)

.TI.bound:Srio_Recv_L3 
*          0    0c010000    000600c0     UNINITIALIZED
                  0c010000    000600c0     GlobalVar.obj (.TI.bound:Srio_Recv_L3)

.L3        0    0c0700c0    00083840     UNINITIALIZED
                  0c0700c0    00083840     GlobalVar.obj (.L3)

.text.2    0    0c0f3900    00040840     
                  0c0f3900    00001e40     ti.transport.ndk.nimu.ae66 : nimu_eth.obj (.text)
                  0c0f5740    00001a20     ti.platform.evm6678l.ae66 : platform.obj (.text)
                  0c0f7160    000019e0     stk.ae66 : tcpin.oe66 (.text:TcpInput)
                  0c0f8b40    00001240              : tcpout.oe66 (.text:TcpOutput)
                  0c0f9d80    00000d00     resourcemgr.obj (.text)
                  0c0faa80    00000b80     stk.ae66 : ipin.oe66 (.text:IPRxPacket)
                  0c0fb600    00000b40     ti.platform.evm6678l.ae66 : evm66x_nand.obj (.text)
                  0c0fc140    000009c0     c6678_2dsp_ddr3_vpx_lib.lib : srio_drv.obj (.text:SrioDevice_init)
                  0c0fcb00    000009a0     ti.platform.evm6678l.ae66 : evmc6678.obj (.text)
                  0c0fd4a0    000009a0     ti.targets.rts6000.ae66 : System.oe66 (.text:xdc_runtime_System_doPrint__I)
                  0c0fde40    00000840     dsplib.ae66 : DSPF_sp_ifftSPxSP.obj (.text:optimized)
                  0c0fe680    000007e0     ti.drv.qmss.ae66 : qmss_drv.oe66 (.text:Qmss_insertMemoryRegion)
                  0c0fee60    000007c0     stk.ae66 : sock.oe66 (.text:SockSet)
                  0c0ff620    000007c0     c6678_2dsp_ddr3_vpx_lib.lib : pll.obj (.text)
                  0c0ffde0    000007a0     ti.platform.evm6678l.ae66 : evmc66x_i2c_eeprom.obj (.text)
                  0c100580    00000780     sysbios.lib : BIOS.obj (.text:ti_sysbios_family_c64p_Exception_handler__I)
                  0c100d00    00000720     ti.drv.pa.ae66 : pa.oe66 (.text:Pa_addMac)
                  0c101420    000006e0     c6678_2dsp_ddr3_vpx_lib.lib : intc.obj (.text)
                  0c101b00    00000680     emac.obj (.text)
                  0c102180    00000660     ti.drv.cppi.ae66 : cppi_drv.oe66 (.text:Cppi_configureRxFlow)
                  0c1027e0    00000660     c6678_2dsp_ddr3_vpx_lib.lib : srio_drv.obj (.text:Srio_processDrvConfig)
                  0c102e40    00000660     sysbios.lib : BIOS.obj (.text:ti_sysbios_heaps_HeapMem_free__E)
                  0c1034a0    00000620                 : BIOS.obj (.text:ti_sysbios_heaps_HeapMem_alloc__E)
                  0c103ac0    000005c0     stk.ae66 : ipfrag.oe66 (.text:IPReasm)
                  0c104080    000005c0     rts6600_elf.lib : divd.obj (.text:__c6xabi_divd)
                  0c104640    000005c0     sysbios.lib : BIOS.obj (.text:ti_sysbios_timers_timer64_Timer_Module_startup__F)
                  0c104c00    000005a0     stk.ae66 : icmpin.oe66 (.text:ICMPInput)
                  0c1051a0    00000520              : sock.oe66 (.text:SockNew)
                  0c1056c0    00000500     sysbios.lib : BIOS.obj (.text:ti_sysbios_knl_Task_Instance_finalize__F)
                  0c105bc0    000004e0     SignalProcess.obj (.text)
                  0c1060a0    000004e0     stk.ae66 : udp.oe66 (.text:UdpInput)
                  0c106580    000004c0     ti.drv.cppi.ae66 : cppi_drv.oe66 (.text:Cppi_txChannelOpen)
                  0c106a40    000004a0     stk.ae66 : lliin.oe66 (.text:LLIRxPacket)
                  0c106ee0    000004a0              : sock.oe66 (.text:SockRecv)
                  0c107380    000004a0     c6678_2dsp_ddr3_vpx_lib.lib : srio_drv.obj (.text:Srio_processReceivedBD)
                  0c107820    00000480     miniPrintf.ae66 : miniPrintf.oe66 (.text:_parsearg)
                  0c107ca0    00000480     c6678_2dsp_ddr3_vpx_lib.lib : sem2.obj (.text)
                  0c108120    00000460                                 : other.obj (.text)
                  0c108580    00000460     ti.platform.evm6678l.ae66 : evmc66x_spi.obj (.text)
                  0c1089e0    00000440     ti.drv.cppi.ae66 : cppi_drv.oe66 (.text:Cppi_rxChannelOpen)
                  0c108e20    00000420     miniPrintf.ae66 : miniPrintf.oe66 (.text:_int2str)
                  0c109240    00000420     ti.drv.pa.ae66 : pa.oe66 (.text:pa_conv_routing_info)
                  0c109660    00000400     sysbios.lib : BIOS.obj (.text:ti_sysbios_knl_Semaphore_pend__E)
                  0c109a60    000003c0     ti.drv.cppi.ae66 : cppi_desc.oe66 (.text:Cppi_initDescriptor)
                  0c109e20    000003c0     stk.ae66 : sock.oe66 (.text:SockSend)
                  0c10a1e0    000003c0     c6678_2dsp_ddr3_vpx_lib.lib : srio_drv.obj (.text:Srio_sockSend_DIO)
                  0c10a5a0    000003c0     stk.ae66 : tcp.oe66 (.text:TcpTimeoutCheck)
                  0c10a960    000003c0     ti.csl.intc.ae66 : csl_intcHwControl.oe66 (.text:csl_section:intc:CSL_intcHwControl)
                  0c10ad20    000003c0     ti.platform.evm6678l.ae66 : evmc66x_nor.obj (.text)
                  0c10b0e0    000003c0     sysbios.lib : BIOS.obj (.text:ti_sysbios_knl_Task_Instance_init__F)
                  0c10b4a0    000003c0                 : BIOS.obj (.text:ti_sysbios_knl_Task_setPri__E)
                  0c10b860    000003a0     stk.ae66 : nimu.oe66 (.text:NIMUIoctl)
                  0c10bc00    000003a0              : route.oe66 (.text:RtCreate)
                  0c10bfa0    000003a0              : sb.oe66 (.text:SBRead)
                  0c10c340    000003a0     os.ae66 : mem.oe66 (.text:_mmCheck)
                  0c10c6e0    000003a0     rts6600_elf.lib : fputs.obj (.text:fputs)
                  0c10ca80    00000380     stk.ae66 : igmp.oe66 (.text:IGMPInput)
                  0c10ce00    00000380              : sock.oe66 (.text:SockConnect)
                  0c10d180    00000380              : sockint.oe66 (.text:SockNotify)
                  0c10d500    00000380     nettool_ipv4.ae66 : dhcppkt.oe66 (.text:dhcpPacketProcess)
                  0c10d880    00000380     ti.platform.evm6678l.ae66 : evmc66x_fpga.obj (.text)
                  0c10dc00    00000360     stk.ae66 : lliout.oe66 (.text:LLITxIpPacket)
                  0c10df60    00000360     emif16_fpga.obj (.text)
                  0c10e2c0    00000340     HostCmdResponse.obj (.text)
                  0c10e600    00000340     ti.drv.pa.ae66 : painit.oe66 (.text:Pa_create)
                  0c10e940    00000340     ProcInit.obj (.text)
                  0c10ec80    00000340     ti.drv.qmss.ae66 : qmss_drv.oe66 (.text:Qmss_init)
                  0c10efc0    00000340     c6678_2dsp_ddr3_vpx_lib.lib : srio_drv.obj (.text:Srio_sockOpen)
                  0c10f300    00000340     os.ae66 : mem.oe66 (.text:mmAlloc)
                  0c10f640    00000320     nettool_ipv4.ae66 : config.oe66 (.text:CfgAddEntry)
                  0c10f960    00000320     c6678_2dsp_ddr3_vpx_lib.lib : srio_drv.obj (.text:Srio_sockBind_DIO)
                  0c10fc80    00000320     ti.platform.evm6678l.ae66 : evmc6678_phy.obj (.text)
                  0c10ffa0    00000300     netctrl_min_ipv4.ae66 : netctrl.oe66 (.text:NetScheduler)
                  0c1102a0    00000300     Raco_Vec_C6678.lib : Raco_Vec_C6678_Get_Licence_II.obj (.text)
                  0c1105a0    00000300     nettool_ipv4.ae66 : inetaddr.oe66 (.text:inet_aton)
                  0c1108a0    00000300     platform_osal.obj (.text)
                  0c110ba0    00000300     sysbios.lib : BIOS.obj (.text:ti_sysbios_family_c64p_Hwi_dispatchC__I)
                  0c110ea0    000002e0     ti.drv.pa.ae66 : pa.oe66 (.text:Pa_forwardResult)
                  0c111180    000002e0     stk.ae66 : udp.oe66 (.text:UdpOutput)
                  0c111460    000002e0     sysbios.lib : BIOS.obj (.text:ti_sysbios_knl_Task_Module_startup__F)
                  0c111740    000002c0     stk.ae66 : bind.oe66 (.text:BindNew)
                  0c111a00    000002c0     rts6600_elf.lib : cos.obj (.text:cos)
                  0c111cc0    000002a0     stk.ae66 : node.oe66 (.text:NodeAdd)
                  0c111f60    000002a0              : rtable.oe66 (.text:RtFind)
                  0c112200    000002a0              : sock.oe66 (.text:SockClose)
                  0c1124a0    000002a0              : tcpprot.oe66 (.text:TcpPrSetOption)
                  0c112740    000002a0     sysbios.lib : BIOS.obj (.text:ti_sysbios_knl_Clock_workFunc__E)
                  0c1129e0    000002a0                 : BIOS.obj (.text:ti_sysbios_knl_Task_sleep__E)
                  0c112c80    00000280     nettool_ipv4.ae66 : dhcpmain.oe66 (.text:DHCPOpen)
                  0c112f00    00000280     stk.ae66 : icmp.oe66 (.text:ICMPGenPacket)
                  0c113180    00000280              : sockpcb.oe66 (.text:SockPcbResolve)
                  0c113400    00000280     c6678_2dsp_ddr3_vpx_lib.lib : srio_drv.obj (.text:Srio_start)
                  0c113680    00000280     sysbios.lib : BIOS.obj (.text:deviceConfig$44)
                  0c113900    00000280     rts6600_elf.lib : sin.obj (.text:sin)
                  0c113b80    00000280     sysbios.lib : BIOS.obj (.text:ti_sysbios_knl_Clock_Instance_init__F)
                  0c113e00    00000280                 : BIOS.obj (.text:ti_sysbios_knl_Task_exit__E)
                  0c114080    00000280     ti.targets.rts6000.ae66 : Core-mem.oe66 (.text:xdc_runtime_Core_createObject__I)
                  0c114300    00000280                             : Error.oe66 (.text:xdc_runtime_Error_raiseX__F)
                  0c114580    00000260     stk.ae66 : rawethsock.oe66 (.text:RawEthSockSet)
                  0c1147e0    00000260              : sb.oe66 (.text:SBWrite)
                  0c114a40    00000260              : sockpcb.oe66 (.text:SockPcbBind)
                  0c114ca0    00000260     c6678_2dsp_ddr3_vpx_lib.lib : srio_drv.obj (.text:Srio_sockBind_TYPE11)
                  0c114f00    00000260     ti.targets.rts6000.ae66 : Startup.oe66 (.text:xdc_runtime_Startup_startMods__I)
                  0c115160    00000260     app_pe66.oe66 (.text:xdc_runtime_System_printfExtend__I)
                  0c1153c0    00000240     ti.drv.cppi.ae66 : cppi_drv.oe66 (.text:Cppi_open)
                  0c115600    00000240     ti.drv.pa.ae66 : pa.oe66 (.text:Pa_resetControl)
                  0c115840    00000240     stk.ae66 : pipe.oe66 (.text:PipeRecv)
                  0c115a80    00000240     Raco_Vec_C6678.lib : Raco_Vec_C6678_Get_Licence_II_ASM_Master.obj (.text)
                  0c115cc0    00000240     stk.ae66 : raw.oe66 (.text:RawInput)
                  0c115f00    00000240     c6678_2dsp_ddr3_vpx_lib.lib : srio_drv.obj (.text:Srio_init)
                  0c116140    00000240                                 : srio_drv.obj (.text:Srio_sockBind_TYPE9)
                  0c116380    00000240     rts6600_elf.lib : imath64.obj (.text:__c6xabi_divull)
                  0c1165c0    00000240     nettool_ipv4.ae66 : dhcpsm.oe66 (.text:dhcpIPAdd)
                  0c116800    00000240                       : dhcpsm.oe66 (.text:dhcpState)
                  0c116a40    00000240     app_pe66.oe66 (.text:ti_ndk_config_Global_stackThread)
                  0c116c80    00000240     sysbios.lib : BIOS.obj (.text:ti_sysbios_family_c64p_Exception_internalHandler__I)
                  0c116ec0    00000240                 : BIOS.obj (.text:ti_sysbios_knl_Semaphore_post__E)
                  0c117100    00000240     ti.targets.rts6000.ae66 : LoggerBuf.oe66 (.text:xdc_runtime_LoggerBuf_write8__F)
                  0c117340    00000220     stk.ae66 : igmp.oe66 (.text:IGMPJoinHostGroup)
                  0c117560    00000220              : rawethsock.oe66 (.text:RawEthSockNew)
                  0c117780    00000220              : sockpcb.oe66 (.text:SockPcbFind)
                  0c1179a0    00000220     ti.csl.intc.ae66 : csl_intcOpen.oe66 (.text:csl_section:intc:CSL_intcOpen)
                  0c117bc0    00000220                      : _csl_intcCombEventDispatcher.oe66 (.text:csl_section:intc:_CSL_intcEvent0Dispatcher)
                  0c117de0    00000220                      : _csl_intcCombEventDispatcher.oe66 (.text:csl_section:intc:_CSL_intcEvent1Dispatcher)
                  0c118000    00000220                      : _csl_intcCombEventDispatcher.oe66 (.text:csl_section:intc:_CSL_intcEvent2Dispatcher)
                  0c118220    00000220                      : _csl_intcCombEventDispatcher.oe66 (.text:csl_section:intc:_CSL_intcEvent3Dispatcher)
                  0c118440    00000220     nettool_ipv4.ae66 : dhcppkt.oe66 (.text:dhcpVerifyMessage)
                  0c118660    00000220     sysbios.lib : BIOS.obj (.text:ti_sysbios_knl_Swi_run__I)
                  0c118880    00000220                 : BIOS.obj (.text:ti_sysbios_knl_Task_schedule__I)
                  0c118aa0    00000220                 : BIOS.obj (.text:ti_sysbios_knl_Task_startup__E)
                  0c118cc0    00000200     DSPInit.obj (.text)
                  0c118ec0    00000200     stk.ae66 : nimu.oe66 (.text:NIMUReceivePacket)
                  0c1190c0    00000200     ti.drv.qmss.ae66 : qmss_drv.oe66 (.text:Qmss_internalQueueOpen)
                  0c1192c0    00000200                      : qmss_acc.oe66 (.text:Qmss_programAccumulator)
                  0c1194c0    00000200     stk.ae66 : rtc.oe66 (.text:RTCReport)
                  0c1196c0    00000200     c6678_2dsp_ddr3_vpx_lib.lib : srio_drv.obj (.text:Srio_rxCompletionIsr)
                  0c1198c0    00000200     sysbios.lib : c64p_Hwi_disp_always.obj (.text:_ti_sysbios_family_c64p_Hwi_dispatchAlways)
                  0c119ac0    00000200                 : BIOS.obj (.text:block$56)
                  0c119cc0    00000200     ti.drv.cppi.ae66 : cppi_heap.oe66 (.text:cppi_internal_heap_add)
                  0c119ec0    00000200     rts6600_elf.lib : setvbuf.obj (.text:setvbuf)
                  0c11a0c0    00000200     sysbios.lib : BIOS.obj (.text:ti_sysbios_io_DEV_Module_startup__F)
                  0c11a2c0    000001e0     stk.ae66 : igmp.oe66 (.text:IGMPSendReply)
                  0c11a4a0    000001e0              : tcpout.oe66 (.text:TcpGenPacket)
                  0c11a680    000001e0     miniPrintf.ae66 : miniPrintf.oe66 (.text:_str2str)
                  0c11a860    000001e0     ti.csl.intc.ae66 : _csl_intcDispatcher.oe66 (.text:csl_section:intc:_CSL_intcDispatcher)
                  0c11aa40    000001e0     nettool_ipv4.ae66 : dhcpsock.oe66 (.text:dhcpSocketOpen)
                  0c11ac20    000001e0     sysbios.lib : BIOS.obj (.text:ti_sysbios_knl_Task_postInit__I)
                  0c11ae00    000001e0                 : BIOS.obj (.text:ti_sysbios_timers_timer64_Timer_getFreq__E)
                  0c11afe0    000001c0     nettool_ipv4.ae66 : config.oe66 (.text:CfgExecute)
                  0c11b1a0    000001c0     ti.drv.cppi.ae66 : cppi_drv.oe66 (.text:Cppi_channelClose)
                  0c11b360    000001c0                      : cppi_drv.oe66 (.text:Cppi_initCfg)
                  0c11b520    000001c0     stk.ae66 : ip.oe66 (.text:IPGetRoute)
                  0c11b6e0    000001c0              : lliout.oe66 (.text:LLIGenArpPacket)
                  0c11b8a0    000001c0     ti.drv.qmss.ae66 : qmss_drv.oe66 (.text:Qmss_internaldownloadFirmware)
                  0c11ba60    000001c0     netctrl_min_ipv4.ae66 : netsrv.oe66 (.text:SPIpNet)
                  0c11bc20    000001c0     c6678_2dsp_ddr3_vpx_lib.lib : srio_drv.obj (.text:Srio_processAppConfig)
                  0c11bde0    000001c0     stk.ae66 : tcptime.oe66 (.text:TcpTimeoutRexmt)
                  0c11bfa0    000001c0              : lli.oe66 (.text:_LLITimeoutCheck)
                  0c11c160    000001c0     miniPrintf.ae66 : miniPrintf.oe66 (.text:_printf)
                  0c11c320    000001c0     nettool_ipv4.ae66 : dhcpbild.oe66 (.text:dhcpBuildHeader)
                  0c11c4e0    000001c0     ti.platform.evm6678l.ae66 : evmc66x_uart.obj (.text)
                  0c11c6a0    000001c0     sysbios.lib : BIOS.obj (.text:ti_sysbios_knl_Task_checkStacks__E)
                  0c11c860    000001c0                 : BIOS.obj (.text:ti_sysbios_timers_timer64_Timer_setPeriodMicroSecs__E)
                  0c11ca20    000001c0     utils_syn.obj (.text)
                  0c11cbe0    000001a0     nettool_ipv4.ae66 : config.oe66 (.text:CfgRemoveEntry)
                  0c11cd80    000001a0     rts6600_elf.lib : trgdrv.obj (.text:HOSTrename)
                  0c11cf20    000001a0     stk.ae66 : icmpin.oe66 (.text:ICMPRevSrcRoute)
                  0c11d0c0    000001a0     netctrl_min_ipv4.ae66 : netctrl.oe66 (.text:NC_NetStart)
                  0c11d260    000001a0     stk.ae66 : node.oe66 (.text:NodeTreeFree)
                  0c11d400    000001a0     ti.drv.pa.ae66 : pa.oe66 (.text:Pa_downloadImage)
                  0c11d5a0    000001a0     stk.ae66 : sockint.oe66 (.text:SockCreatePacket)
                  0c11d740    000001a0     nettool_ipv4.ae66 : dhcpsm.oe66 (.text:StateRenewRebind)
                  0c11d8e0    000001a0                       : dhcptags.oe66 (.text:dhcpBuildOptions)
                  0c11da80    000001a0     sysbios.lib : BIOS.obj (.text:ti_sysbios_gates_GateMutex_enter__E)
                  0c11dc20    000001a0                 : BIOS.obj (.text:ti_sysbios_timers_timer64_Timer_start__E)
                  0c11ddc0    000001a0     ti.targets.rts6000.ae66 : LoggerBuf.oe66 (.text:xdc_runtime_LoggerBuf_write4__F)
                  0c11df60    00000180     stk.ae66 : igmp.oe66 (.text:IGMPMsg)
                  0c11e0e0    00000180              : nimu.oe66 (.text:NIMURegister)
                  0c11e260    00000180     netctrl_min_ipv4.ae66 : netsrv.oe66 (.text:ServiceScan)
                  0c11e3e0    00000180     c6678_2dsp_ddr3_vpx_lib.lib : srio_drv.obj (.text:Srio_sockClose_DIO)
                  0c11e560    00000180                                 : srio_drv.obj (.text:Srio_validateBindingId)
                  0c11e6e0    00000180                                 : srio_drv.obj (.text:Srio_validateDIOBindingId)
                  0c11e860    00000180     nettool_ipv4.ae66 : dhcpsm.oe66 (.text:StateBound)
                  0c11e9e0    00000180     rts6600_elf.lib : copy_decompress_rle.obj (.text:__TI_decompress_rle_core)
                  0c11eb60    00000180     nettool_ipv4.ae66 : dhcpbild.oe66 (.text:dhcpBuildRequest)
                  0c11ece0    00000180     stk.ae66 : fileuser.oe66 (.text:fdClose)
                  0c11ee60    00000180     os.ae66 : task.oe66 (.text:llEnter)
                  0c11efe0    00000180     sysbios.lib : c64p_Exception_asm.obj (.text)
                  0c11f160    00000180                 : BIOS.obj (.text:ti_sysbios_heaps_HeapMem_Instance_init__F)
                  0c11f2e0    00000180                 : BIOS.obj (.text:ti_sysbios_knl_Swi_schedule__I)
                  0c11f460    00000180                 : BIOS.obj (.text:ti_sysbios_knl_Task_unblockI__E)
                  0c11f5e0    00000180     ti.targets.rts6000.ae66 : Text.oe66 (.text:xdc_runtime_Text_putSite__F)
                  0c11f760    00000160     nettool_ipv4.ae66 : config.oe66 (.text:CfgGetEntry)
                  0c11f8c0    00000160                       : config.oe66 (.text:CfgGetNextEntry)
                  0c11fa20    00000160     os.ae66 : ossys.oe66 (.text:DbgPrintf)
                  0c11fb80    00000160     stk.ae66 : igmp.oe66 (.text:IGMPDoMCast)
                  0c11fce0    00000160              : nimu.oe66 (.text:NIMUIoctlSpecialCmd)
                  0c11fe40    00000160              : pipe.oe66 (.text:PipeSend)
                  0c11ffa0    00000160              : raw.oe66 (.text:RawOutput)
                  0c120100    00000160              : rtable.oe66 (.text:RtTimeoutCheck)
                  0c120260    00000160              : rtable.oe66 (.text:RtWalkNext)
                  0c1203c0    00000160     netctrl_min_ipv4.ae66 : netsrv.oe66 (.text:SPRoute)
                  0c120520    00000160     stk.ae66 : sockpcb.oe66 (.text:SockPcbConnect)
                  0c120680    00000160     nettool_ipv4.ae66 : dhcpsm.oe66 (.text:StateRequesting)
                  0c1207e0    00000160     stk.ae66 : tcptime.oe66 (.text:TcpTimeoutKeep)
                  0c120940    00000160     hookfunc.obj (.text)
                  0c120aa0    00000140     ti.csl.ae66 : csl_chip.oe66 (.text:CSL_chipReadReg)
                  0c120be0    00000140     stk.ae66 : icmp.oe66 (.text:ICMPSendRtAdv)
                  0c120d20    00000140              : igmp.oe66 (.text:IGMPJoin)
                  0c120e60    00000140              : lli.oe66 (.text:LLINew)
                  0c120fa0    00000140              : node.oe66 (.text:NodeFind)
                  0c1210e0    00000140              : node.oe66 (.text:NodeWalk)
                  0c121220    00000140              : pbm.oe66 (.text:PBM_alloc)
                  0c121360    00000140              : pbm.oe66 (.text:PBM_free)
                  0c1214a0    00000140              : rtable.oe66 (.text:RtFlush)
                  0c1215e0    00000140              : sock.oe66 (.text:SockAccept)
                  0c121720    00000140              : sock.oe66 (.text:SockListen)
                  0c121860    00000140              : sockpcb.oe66 (.text:SockPcbCtlError)
                  0c1219a0    00000140     c6678_2dsp_ddr3_vpx_lib.lib : srio_drv.obj (.text:Srio_getSockOpt)
                  0c121ae0    00000140                                 : srio_drv.obj (.text:Srio_sockSend_TYPE11)
                  0c121c20    00000140                                 : srio_drv.obj (.text:Srio_sockSend_TYPE9)
                  0c121d60    00000140     boot.ae66 : autoinit.oe66 (.text:_auto_init_elf)
                  0c121ea0    00000140     ti.csl.intc.ae66 : csl_intcInit.oe66 (.text:csl_section:intc:CSL_intcInit)
                  0c121fe0    00000140                      : _csl_intcIntrEnDisRes.oe66 (.text:csl_section:intc)
                  0c122120    00000140     nettool_ipv4.ae66 : dhcptags.oe66 (.text:dhcpDecodeType)
                  0c122260    00000140     rts6600_elf.lib : lowlev.obj (.text:getdevice)
                  0c1223a0    00000140     os.ae66 : mem.oe66 (.text:mmCopy)
                  0c1224e0    00000140     stk.ae66 : socket.oe66 (.text:sendto)
                  0c122620    00000140     app_pe66.oe66 (.text:ti_ndk_config_ip_init)
                  0c122760    00000140     sysbios.lib : BIOS.obj (.text:ti_sysbios_family_c64p_Hwi_Module_startup__F)
                  0c1228a0    00000140                 : BIOS.obj (.text:ti_sysbios_family_c66_Cache_Module_startup__F)
                  0c1229e0    00000140                 : BIOS.obj (.text:ti_sysbios_knl_Clock_Instance_finalize__F)
                  0c122b20    00000140                 : BIOS.obj (.text:ti_sysbios_knl_Semaphore_Instance_init__F)
                  0c122c60    00000140                 : BIOS.obj (.text:ti_sysbios_knl_Swi_post__E)
                  0c122da0    00000140                 : BIOS.obj (.text:ti_sysbios_knl_Task_blockI__E)
                  0c122ee0    00000120     stk.ae66 : bind.oe66 (.text:BindFree)
                  0c123000    00000120     nettool_ipv4.ae66 : config.oe66 (.text:CfgFree)
                  0c123120    00000120                       : daemon.oe66 (.text:DaemonFree)
                  0c123240    00000120     stk.ae66 : file.oe66 (.text:FdWaitEvent)
                  0c123360    00000120              : igmp.oe66 (.text:IGMPLeaveHostGroup)
                  0c123480    00000120              : ip.oe66 (.text:IPMsg)
                  0c1235a0    00000120              : ipin.oe66 (.text:IPRouteIP)
                  0c1236c0    00000120     netctrl_min_ipv4.ae66 : netctrl.oe66 (.text:NC_SystemOpen)
                  0c1237e0    00000120     stk.ae66 : nimu.oe66 (.text:NIMUAddEthernetHeader)
                  0c123900    00000120     NetworkRecv.obj (.text)
                  0c123a20    00000120     ti.drv.qmss.ae66 : qmss_acc.oe66 (.text:Qmss_disableAccumulator)
                  0c123b40    00000120     Raco_Vec_C6678.lib : Raco_Vec_C6678_Get_Licence_I.obj (.text)
                  0c123c60    00000120     stk.ae66 : raweth.oe66 (.text:RawEthRxPacket)
                  0c123d80    00000120              : raweth.oe66 (.text:RawEthTxPacket)
                  0c123ea0    00000120              : sb.oe66 (.text:SBNew)
                  0c123fc0    00000120     netctrl_min_ipv4.ae66 : netsrv.oe66 (.text:SPConfig)
                  0c1240e0    00000120                           : netsrv.oe66 (.text:SPService)
                  0c124200    00000120     stk.ae66 : sockpcb.oe66 (.text:SockPcbFindRaw)
                  0c124320    00000120              : sock.oe66 (.text:SockShutdown)
                  0c124440    00000120     c6678_2dsp_ddr3_vpx_lib.lib : srio_drv.obj (.text:Srio_sockClose_TYPE11)
                  0c124560    00000120                                 : srio_drv.obj (.text:Srio_sockClose_TYPE9)
                  0c124680    00000120                                 : srio_drv.obj (.text:Srio_sockRecv)
                  0c1247a0    00000120     stk.ae66 : tcpprot.oe66 (.text:TcpPrAttach)
                  0c1248c0    00000120              : rtable.oe66 (.text:_RtNodeInsert)
                  0c1249e0    00000120     rts6600_elf.lib : fclose.obj (.text:_closefile)
                  0c124b00    00000120     os.ae66 : mem.oe66 (.text:_mmInit)
                  0c124c20    00000120     stk.ae66 : socket.oe66 (.text:accept)
                  0c124d40    00000120              : fileuser.oe66 (.text:fdOpenSession)
                  0c124e60    00000120     rts6600_elf.lib : fseek.obj (.text:fseek)
                  0c124f80    00000120     stk.ae66 : socket.oe66 (.text:recv)
                  0c1250a0    00000120     sysbios.lib : BIOS.obj (.text:rtsUnlock$0)
                  0c1251c0    00000120     stk.ae66 : socket.oe66 (.text:send)
                  0c1252e0    00000120              : socket.oe66 (.text:setsockopt)
                  0c125400    00000120     sysbios.lib : BIOS.obj (.text:ti_sysbios_knl_Mailbox_Module_startup__F)
                  0c125520    00000120     ti.targets.rts6000.ae66 : LoggerBuf.oe66 (.text:xdc_runtime_LoggerBuf_setFilterLevel__F)
                  0c125640    00000120                             : Text.oe66 (.text:xdc_runtime_Text_putLab__F)
                  0c125760    00000100     nettool_ipv4.ae66 : config.oe66 (.text:CfgNew)
                  0c125860    00000100                       : config.oe66 (.text:CfgSetExecuteOrder)
                  0c125960    00000100     stk.ae66 : exec.oe66 (.text:ExecOpen)
                  0c125a60    00000100     rts6600_elf.lib : trgdrv.obj (.text:HOSTlseek)
                  0c125b60    00000100     stk.ae66 : igmp.oe66 (.text:IGMPTimer)
                  0c125c60    00000100              : rtc.oe66 (.text:RTCMsg)
                  0c125d60    00000100              : route.oe66 (.text:RtRedirect)
                  0c125e60    00000100     netctrl_min_ipv4.ae66 : netsrv.oe66 (.text:ServiceSpawn)
                  0c125f60    00000100     stk.ae66 : sockint.oe66 (.text:SockValidateRoute)
                  0c126060    00000100     nettool_ipv4.ae66 : dhcpsm.oe66 (.text:StateSelecting)
                  0c126160    00000100     stk.ae66 : tcpprot.oe66 (.text:TcpPrInherit)
                  0c126260    00000100              : tcptime.oe66 (.text:TcpXmitTimer)
                  0c126360    00000100              : rtable.oe66 (.text:_RtNodeRemove)
                  0c126460    00000100     rts6600_elf.lib : _io_perm.obj (.text:_wrt_ok)
                  0c126560    00000100     sysbios.lib : BIOS.obj (.text:initDevice$44)
                  0c126660    00000100     os.ae66 : mem.oe66 (.text:mmFree)
                  0c126760    00000100     miniPrintf.ae66 : miniPrintf.oe66 (.text:printstr)
                  0c126860    00000100     stk.ae66 : socket.oe66 (.text:socket)
                  0c126960    00000100     sysbios.lib : BIOS.obj (.text:ti_sysbios_family_c64p_EventCombiner_dispatch__F)
                  0c126a60    00000100                 : BIOS.obj (.text:ti_sysbios_knl_Clock_startI__E)
                  0c126b60    00000100                 : BIOS.obj (.text:ti_sysbios_knl_Mailbox_pend__E)
                  0c126c60    00000100                 : BIOS.obj (.text:ti_sysbios_knl_Mailbox_post__E)
                  0c126d60    00000100                 : BIOS.obj (.text:ti_sysbios_knl_Swi_restoreHwi__E)
                  0c126e60    00000100     stk.ae66 : lliin.oe66 (.text:updateRtTable)
                  0c126f60    00000100     ti.targets.rts6000.ae66 : Core-mem.oe66 (.text:xdc_runtime_Core_deleteObject__I)
                  0c127060    00000100                             : LoggerBuf.oe66 (.text:xdc_runtime_LoggerBuf_getFilterLevel__F)
                  0c127160    00000100                             : Startup.oe66 (.text:xdc_runtime_Startup_exec__F)
                  0c127260    00000100                             : Text.oe66 (.text:xdc_runtime_Text_putMod__F)
                  0c127360    00000100                             : Text.oe66 (.text:xdc_runtime_Text_visitRope2__I)
                  0c127460    000000e0     nettool_ipv4.ae66 : config.oe66 (.text:CfgGetEntryCnt)
                  0c127540    000000e0                       : dhcpmain.oe66 (.text:DHCPClose)
                  0c127620    000000e0     rts6600_elf.lib : trgdrv.obj (.text:HOSTopen)
                  0c127700    000000e0     stk.ae66 : igmp.oe66 (.text:IGMPLeave)
                  0c1277e0    000000e0              : nimu.oe66 (.text:NIMUAllocateIndex)
                  0c1278c0    000000e0              : nimu.oe66 (.text:NIMUAllocateName)
                  0c1279a0    000000e0              : node.oe66 (.text:NodeDeRef)
                  0c127a80    000000e0              : node.oe66 (.text:NodeNew)
                  0c127b60    000000e0              : node.oe66 (.text:NodeTreeNew)
                  0c127c40    000000e0              : pbm.oe66 (.text:PBMQ_enq)
                  0c127d20    000000e0     Raco_Vec_C6678.lib : Raco_Vec_C6678_Get_Licence_II_ASM_Slave.obj (.text)
                  0c127e00    000000e0     stk.ae66 : rawethsock.oe66 (.text:RawEthSockNotify)
                  0c127ee0    000000e0              : rawethsock_pcb.oe66 (.text:RawEthSockPcbAttach)
                  0c127fc0    000000e0              : rawethsock.oe66 (.text:RawEthSockSend)
                  0c1280a0    000000e0              : route.oe66 (.text:RtDeRef)
                  0c128180    000000e0              : route.oe66 (.text:RtRemove)
                  0c128260    000000e0              : sb.oe66 (.text:SBSetMax)
                  0c128340    000000e0     netctrl_min_ipv4.ae66 : netsrv.oe66 (.text:ServiceKill)
                  0c128420    000000e0     stk.ae66 : sock.oe66 (.text:SockDisconnect)
                  0c128500    000000e0              : sockint.oe66 (.text:SockSpawnAbort)
                  0c1285e0    000000e0     c6678_2dsp_ddr3_vpx_lib.lib : srio_drv.obj (.text:Srio_initSockData)
                  0c1286c0    000000e0     stk.ae66 : tcpprot.oe66 (.text:TcpPrDetach)
                  0c1287a0    000000e0              : tcpprot.oe66 (.text:TcpPrDisconnect)
                  0c128880    000000e0              : tcpprot.oe66 (.text:TcpValidateMetrics)
                  0c128960    000000e0              : timer.oe66 (.text:TimerListInsert)
                  0c128a40    000000e0              : udp.oe66 (.text:UdpChecksum)
                  0c128b20    000000e0              : vlan.oe66 (.text:VLANDeinit)
                  0c128c00    000000e0              : vlan.oe66 (.text:VLANReceivePacket)
                  0c128ce0    000000e0     nettool_ipv4.ae66 : config.oe66 (.text:_CfgEntryScan)
                  0c128dc0    000000e0     stk.ae66 : lli.oe66 (.text:_LLIExpListInsert)
                  0c128ea0    000000e0              : rtable.oe66 (.text:_RtExpListInsert)
                  0c128f80    000000e0              : socket.oe66 (.text:bind)
                  0c129060    000000e0     c6678_2dsp_ddr3_vpx_lib.lib : timecounter.obj (.text)
                  0c129140    000000e0     rts6600_elf.lib : lowlev.obj (.text:close)
                  0c129220    000000e0                     : copy_zero_init.obj (.text:decompress:ZI:__TI_zero_init)
                  0c129300    000000e0     stk.ae66 : file.oe66 (.text:fdint_lockfd)
                  0c1293e0    000000e0              : file.oe66 (.text:fdint_unlockfd)
                  0c1294c0    000000e0     os.ae66 : task.oe66 (.text:llExit)
                  0c1295a0    000000e0     rts6600_elf.lib : memset.obj (.text:memset)
                  0c129680    000000e0     os.ae66 : mem.oe66 (.text:mmBulkAlloc)
                  0c129760    000000e0     app_pe66.oe66 (.text:ti_ndk_config_Global_NetworkIPAddr)
                  0c129840    000000e0     sysbios.lib : BIOS.obj (.text:ti_sysbios_knl_Clock_start__E)
                  0c129920    000000e0                 : BIOS.obj (.text:ti_sysbios_timers_timer64_Timer_startup__E)
                  0c129a00    000000e0     ti.targets.rts6000.ae66 : Error.oe66 (.text:xdc_runtime_Error_print__F)
                  0c129ae0    000000e0                             : Memory.oe66 (.text:xdc_runtime_Memory_alloc__F)
                  0c129bc0    000000c0     rts6600_elf.lib : trgdrv.obj (.text:HOSTread)
                  0c129c80    000000c0                     : trgdrv.obj (.text:HOSTunlink)
                  0c129d40    000000c0                     : trgdrv.obj (.text:HOSTwrite)
                  0c129e00    000000c0     stk.ae66 : lli.oe66 (.text:LLIGetValidTime)
                  0c129ec0    000000c0              : lli.oe66 (.text:LLIMsg)
                  0c129f80    000000c0              : nimu.oe66 (.text:NIMUFindByName)
                  0c12a040    000000c0     netctrl_min_ipv4.ae66 : netsrv.oe66 (.text:NS_BootTask)
                  0c12a100    000000c0     stk.ae66 : node.oe66 (.text:NodeUpdatePL)
                  0c12a1c0    000000c0     nettool_ipv4.ae66 : ipaddr.oe66 (.text:NtIfIdx2Ip)
                  0c12a280    000000c0     stk.ae66 : pbm.oe66 (.text:PBM_copy)
                  0c12a340    000000c0     ti.drv.qmss.ae66 : qmss_drv.oe66 (.text:Qmss_setEoiVector)
                  0c12a400    000000c0     stk.ae66 : rtable.oe66 (.text:RtWalkBegin)
                  0c12a4c0    000000c0              : sb.oe66 (.text:SBFlush)
                  0c12a580    000000c0              : sock.oe66 (.text:SockIntAbort)
                  0c12a640    000000c0              : sockpcb.oe66 (.text:SockPcbRtChange)
                  0c12a700    000000c0     c6678_2dsp_ddr3_vpx_lib.lib : srio_drv.obj (.text:Srio_Bind_11)
                  0c12a7c0    000000c0                                 : srio_drv.obj (.text:Srio_Bind_9)
                  0c12a880    000000c0                                 : srio_drv.obj (.text:Srio_getDescSize)
                  0c12a940    000000c0     os.ae66 : task.oe66 (.text:TaskGetEnv)
                  0c12aa00    000000c0     stk.ae66 : tcp.oe66 (.text:TcpChecksum)
                  0c12aac0    000000c0              : tcpprot.oe66 (.text:TcpClose)
                  0c12ab80    000000c0              : tcptime.oe66 (.text:TcpTimeoutSackRexmt)
                  0c12ac40    000000c0     rts6600_elf.lib : dtor_list.obj (.text:_Z11__TI_atexitPFYvPvES_S_)
                  0c12ad00    000000c0                     : dtor_list.obj (.text:__cxa_finalize)
                  0c12adc0    000000c0                     : divu.obj (.text:__divu)
                  0c12ae80    000000c0                     : remi.obj (.text:__remi)
                  0c12af40    000000c0                     : fflush.obj (.text:_doflush)
                  0c12b000    000000c0     ti.drv.cppi.ae66 : cppi_listlib.oe66 (.text:cppi_list_remove_node)
                  0c12b0c0    000000c0     ti.csl.intc.ae66 : csl_intcPlugEventHandler.oe66 (.text:csl_section:intc:CSL_intcPlugEventHandler)
                  0c12b180    000000c0     nettool_ipv4.ae66 : dhcptags.oe66 (.text:dhcpOptionsClear)
                  0c12b240    000000c0     rts6600_elf.lib : exit.obj (.text:exit)
                  0c12b300    000000c0     os.ae66 : mem.oe66 (.text:mmZeroInit)
                  0c12b3c0    000000c0     sysbios.lib : BIOS.obj (.text:ti_sysbios_BIOS_errorRaiseHook__I)
                  0c12b480    000000c0                 : BIOS.obj (.text:ti_sysbios_heaps_HeapMem_getStats__E)
                  0c12b540    000000c0                 : BIOS.obj (.text:ti_sysbios_knl_Clock_logTick__E)
                  0c12b600    000000c0     app_pe66.oe66 (.text:ti_sysbios_knl_Task_Object__create__S)
                  0c12b6c0    000000c0     sysbios.lib : BIOS.obj (.text:ti_sysbios_timers_timer64_Timer_stop__E)
                  0c12b780    000000c0     ti.targets.rts6000.ae66 : LoggerBuf.oe66 (.text:xdc_runtime_LoggerBuf_Instance_init__F)
                  0c12b840    000000c0     app_pe66.oe66 (.text:xdc_runtime_LoggerBuf_Object__create__S)
                  0c12b900    000000c0     ti.targets.rts6000.ae66 : System.oe66 (.text:xdc_runtime_System_formatNum__I)
                  0c12b9c0    000000a0     nettool_ipv4.ae66 : config.oe66 (.text:CfgEntryDeRef)
                  0c12ba60    000000a0                       : config.oe66 (.text:CfgEntryGetData)
                  0c12bb00    000000a0                       : config.oe66 (.text:CfgGetImmediate)
                  0c12bba0    000000a0     ti.drv.cppi.ae66 : cppi_drv.oe66 (.text:Cppi_channelEnable)
                  0c12bc40    000000a0     stk.ae66 : file.oe66 (.text:FdSignalEvent)
                  0c12bce0    000000a0     rts6600_elf.lib : trgdrv.obj (.text:HOSTclose)
                  0c12bd80    000000a0     stk.ae66 : ipfrag.oe66 (.text:IPReasmFree)
                  0c12be20    000000a0              : ipfrag.oe66 (.text:IPReasmTimeout)
                  0c12bec0    000000a0              : lliin.oe66 (.text:LLIValidateRoute)
                  0c12bf60    000000a0              : nimu.oe66 (.text:NIMUShutdown)
                  0c12c000    000000a0              : nimu.oe66 (.text:NIMUUnregister)
                  0c12c0a0    000000a0     nettool_ipv4.ae66 : ipaddr.oe66 (.text:NtAddNetwork)
                  0c12c140    000000a0     stk.ae66 : pbm.oe66 (.text:PBM_open)
                  0c12c1e0    000000a0     ti.drv.qmss.ae66 : qmss_drv.oe66 (.text:Qmss_queueClose)
                  0c12c280    000000a0                      : qmss_drv.oe66 (.text:Qmss_startCfg)
                  0c12c320    000000a0     stk.ae66 : rtable.oe66 (.text:RouteMsg)
                  0c12c3c0    000000a0              : route.oe66 (.text:RtNew)
                  0c12c460    000000a0              : sb.oe66 (.text:SBFree)
                  0c12c500    000000a0     os.ae66 : semaphore.oe66 (.text:SemCreate)
                  0c12c5a0    000000a0     stk.ae66 : sock.oe66 (.text:SockBind)
                  0c12c640    000000a0              : sockpcb.oe66 (.text:SockCleanPcb)
                  0c12c6e0    000000a0              : sockpcb.oe66 (.text:SockPcbResolveChain)
                  0c12c780    000000a0     os.ae66 : task.oe66 (.text:TaskCreate)
                  0c12c820    000000a0     stk.ae66 : tcpprot.oe66 (.text:TcpDrop)
                  0c12c8c0    000000a0              : tcpprot.oe66 (.text:TcpPrCtlError)
                  0c12c960    000000a0              : tcpprot.oe66 (.text:TcpPrSend)
                  0c12ca00    000000a0              : tcpprot.oe66 (.text:TcpPrSendOOB)
                  0c12caa0    000000a0              : timer.oe66 (.text:TimerNew)
                  0c12cb40    000000a0     nettool_ipv4.ae66 : config.oe66 (.text:_CfgRelease)
                  0c12cbe0    000000a0     stk.ae66 : lli.oe66 (.text:_LLITimeoutFlush)
                  0c12cc80    000000a0     rts6600_elf.lib : round.obj (.text:__c6xabi_nround)
                  0c12cd20    000000a0                     : remu.obj (.text:__remu)
                  0c12cdc0    000000a0     boot.ae66 : boot.oe66 (.text:_c_int00)
                  0c12ce60    000000a0     rts6600_elf.lib : fopen.obj (.text:_cleanup)
                  0c12cf00    000000a0     ti.drv.cppi.ae66 : cppi_heap.oe66 (.text:cppi_internal_heap_malloc)
                  0c12cfa0    000000a0                      : cppi_listlib.oe66 (.text:cppi_list_cat)
                  0c12d040    000000a0     ti.csl.intc.ae66 : csl_intcClose.oe66 (.text:csl_section:intc:CSL_intcClose)
                  0c12d0e0    000000a0     nettool_ipv4.ae66 : dhcpbild.oe66 (.text:dhcpBuildDecline)
                  0c12d180    000000a0                       : dhcpsm.oe66 (.text:dhcpIPRemove)
                  0c12d220    000000a0     stk.ae66 : fileuser.oe66 (.text:fdCloseSession)
                  0c12d2c0    000000a0     rts6600_elf.lib : lowlev.obj (.text:finddevice)
                  0c12d360    000000a0     stk.ae66 : socket.oe66 (.text:listen)
                  0c12d400    000000a0     hal_timer_bios.ae66 : lltimer.oe66 (.text:llTimerTick)
                  0c12d4a0    000000a0     rts6600_elf.lib : lowlev.obj (.text:lseek)
                  0c12d540    000000a0     main.obj (.text)
                  0c12d5e0    000000a0     rts6600_elf.lib : memcpy64.obj (.text:memcpy)
                  0c12d680    000000a0     os.ae66 : mem.oe66 (.text:mmBulkFree)
                  0c12d720    000000a0             : mem.oe66 (.text:mmInitPage)
                  0c12d7c0    000000a0     rts6600_elf.lib : modf.obj (.text:modf)
                  0c12d860    000000a0     ti.drv.pa.ae66 : pa.oe66 (.text:pa_format_fcmd_header)
                  0c12d900    000000a0                    : pa.oe66 (.text:pa_pdsp_run)
                  0c12d9a0    000000a0     sysbios.lib : BIOS.obj (.text:ti_sysbios_heaps_HeapMem_init__I)
                  0c12da40    000000a0     rts6600_elf.lib : lowlev.obj (.text:write)
                  0c12dae0    000000a0     ti.targets.rts6000.ae66 : Assert.oe66 (.text:xdc_runtime_Assert_raise__I)
                  0c12db80    000000a0                             : LoggerBuf.oe66 (.text:xdc_runtime_LoggerBuf_Module_startup__F)
                  0c12dc20    000000a0                             : SysMin.oe66 (.text:xdc_runtime_SysMin_abort__F)
                  0c12dcc0    000000a0                             : SysMin.oe66 (.text:xdc_runtime_SysMin_flush__F)
                  0c12dd60    000000a0                             : SysMin.oe66 (.text:xdc_runtime_SysMin_putch__F)
                  0c12de00    00000080     ti.drv.cppi.ae66 : cppi_drv.oe66 (.text:Cppi_setCpdmaLoopback)
                  0c12de80    00000080     Hwi.obj (.text)
                  0c12df00    00000080     stk.ae66 : icmp.oe66 (.text:ICMPChecksum)
                  0c12df80    00000080     netctrl_min_ipv4.ae66 : netctrl.oe66 (.text:NC_SystemClose)
                  0c12e000    00000080     stk.ae66 : nimu.oe66 (.text:NIMUInit)
                  0c12e080    00000080              : pbm.oe66 (.text:PBMQ_deq)
                  0c12e100    00000080     ti.drv.pa.ae66 : painit.oe66 (.text:Pa_getBufferReq)
                  0c12e180    00000080     stk.ae66 : pipe.oe66 (.text:PipeClose)
                  0c12e200    00000080     ti.drv.qmss.ae66 : qmss_drv.oe66 (.text:Qmss_getMemRegQueueHandle)
                  0c12e280    00000080                      : qmss_drv.oe66 (.text:Qmss_queueOpen)
                  0c12e300    00000080     stk.ae66 : rawethsock.oe66 (.text:RawEthSockClose)
                  0c12e380    00000080              : rawethsock_pcb.oe66 (.text:RawEthSockPcbDetach)
                  0c12e400    00000080              : route.oe66 (.text:RtSetFailure)
                  0c12e480    00000080              : route.oe66 (.text:RtSetTimeout)
                  0c12e500    00000080              : sock.oe66 (.text:SockGetName)
                  0c12e580    00000080              : sockpcb.oe66 (.text:SockPcbCleanup)
                  0c12e600    00000080              : sockpcb.oe66 (.text:SockPcbDetach)
                  0c12e680    00000080     c6678_2dsp_ddr3_vpx_lib.lib : srio_drv.obj (.text:Srio_flushSockData)
                  0c12e700    00000080                                 : srio_drv.obj (.text:Srio_sockClose)
                  0c12e780    00000080     os.ae66 : task.oe66 (.text:TaskSetEnv)
                  0c12e800    00000080     stk.ae66 : tcpprot.oe66 (.text:TcpPrListen)
                  0c12e880    00000080              : timer.oe66 (.text:TimerHSTick)
                  0c12e900    00000080              : timer.oe66 (.text:TimerListRemove)
                  0c12e980    00000080     nettool_ipv4.ae66 : config.oe66 (.text:_CfgAcquire)
                  0c12ea00    00000080     stk.ae66 : lli.oe66 (.text:_LLIExpListRemove)
                  0c12ea80    00000080              : rtc.oe66 (.text:_RTCSendRtAdv)
                  0c12eb00    00000080              : rtable.oe66 (.text:_RtExpListRemove)
                  0c12eb80    00000080     rts6600_elf.lib : fixdu.obj (.text:__c6xabi_fixdu)
                  0c12ec00    00000080                     : llshift.obj (.text:__c6xabi_llshl)
                  0c12ec80    00000080     sysbios.lib : c62_TaskSupport_asm.obj (.text:_ti_sysbios_family_c62_TaskSupport_swap__E)
                  0c12ed00    00000080     ti.drv.cppi.ae66 : cppi_heap.oe66 (.text:cppi_internal_heap_cache_begin)
                  0c12ed80    00000080                      : cppi_listlib.oe66 (.text:cppi_list_remove)
                  0c12ee00    00000080     nettool_ipv4.ae66 : dhcpsock.oe66 (.text:dhcpSocketClose)
                  0c12ee80    00000080     stk.ae66 : file.oe66 (.text:fdint_waitevent)
                  0c12ef00    00000080     hal_timer_bios.ae66 : lltimer.oe66 (.text:llTimerGetTime)
                  0c12ef80    00000080     app_pe66.oe66 (.text:malloc)
                  0c12f000    00000080     ti.drv.pa.ae66 : pa.oe66 (.text:pa_uint8_match)
                  0c12f080    00000080     rts6600_elf.lib : trgmsg.obj (.text:readmsg)
                  0c12f100    00000080     ti.drv.pa.ae66 : pa.oe66 (.text:swizFcmd)
                  0c12f180    00000080     ti.platform.evm6678l.ae66 : evm66x_i2c.obj (.text)
                  0c12f200    00000080     app_pe66.oe66 (.text:ti_ndk_config_tcp_init)
                  0c12f280    00000080     sysbios.lib : BIOS.obj (.text:ti_sysbios_family_c62_TaskSupport_start__E)
                  0c12f300    00000080                 : BIOS.obj (.text:ti_sysbios_family_c64p_Exception_Module_startup__F)
                  0c12f380    00000080                 : BIOS.obj (.text:ti_sysbios_family_c64p_Hwi_eventMap__E)
                  0c12f400    00000080                 : BIOS.obj (.text:ti_sysbios_family_c66_Cache_wbInvAll__E)
                  0c12f480    00000080     app_pe66.oe66 (.text:ti_sysbios_gates_GateHwi_Object__create__S)
                  0c12f500    00000080     app_pe66.oe66 (.text:ti_sysbios_gates_GateMutex_Object__create__S)
                  0c12f580    00000080     app_pe66.oe66 (.text:ti_sysbios_heaps_HeapMem_Object__create__S)
                  0c12f600    00000080     sysbios.lib : BIOS.obj (.text:ti_sysbios_knl_Clock_Module_startup__F)
                  0c12f680    00000080     app_pe66.oe66 (.text:ti_sysbios_knl_Clock_Object__create__S)
                  0c12f700    00000080     app_pe66.oe66 (.text:ti_sysbios_knl_Clock_doTick__I)
                  0c12f780    00000080     sysbios.lib : BIOS.obj (.text:ti_sysbios_knl_Clock_getTicks__E)
                  0c12f800    00000080                 : BIOS.obj (.text:ti_sysbios_knl_Idle_loop__E)
                  0c12f880    00000080     app_pe66.oe66 (.text:ti_sysbios_knl_Queue_Object__create__S)
                  0c12f900    00000080     app_pe66.oe66 (.text:ti_sysbios_knl_Semaphore_Object__create__S)
                  0c12f980    00000080     sysbios.lib : BIOS.obj (.text:ti_sysbios_knl_Semaphore_pendTimeout__I)
                  0c12fa00    00000080                 : BIOS.obj (.text:ti_sysbios_knl_Swi_startup__E)
                  0c12fa80    00000080                 : BIOS.obj (.text:ti_sysbios_knl_Task_deleteTerminatedTasksFunc__I)
                  0c12fb00    00000080                 : BIOS.obj (.text:ti_sysbios_knl_Task_restore__E)
                  0c12fb80    00000080                 : BIOS.obj (.text:ti_sysbios_timers_timer64_Timer_getCount__E)
                  0c12fc00    00000080                 : BIOS.obj (.text:ti_sysbios_timers_timer64_Timer_getPeriod__E)
                  0c12fc80    00000080     rts6600_elf.lib : lowlev.obj (.text:unlink)
                  0c12fd00    00000080     ti.targets.rts6000.ae66 : Core-label.oe66 (.text:xdc_runtime_Core_assignLabel__I)
                  0c12fd80    00000080                             : Core-params.oe66 (.text:xdc_runtime_Core_assignParams__I)
                  0c12fe00    00000080                             : LoggerBuf.oe66 (.text:xdc_runtime_LoggerBuf_filterOutEvent__I)
                  0c12fe80    00000080                             : System.oe66 (.text:xdc_runtime_System_atexit__F)
                  0c12ff00    00000080                             : System.oe66 (.text:xdc_runtime_System_rtsExit__I)
                  0c12ff80    00000080                             : Text.oe66 (.text:xdc_runtime_Text_printVisFxn__I)
                  0c130000    00000080                             : Text.oe66 (.text:xdc_runtime_Text_xprintf__I)
                  0c130080    00000060     stk.ae66 : bind.oe66 (.text:BindFindByHost)
                  0c1300e0    00000060              : bind.oe66 (.text:BindFindByIF)
                  0c130140    00000060              : bind.oe66 (.text:BindFindByNet)
                  0c1301a0    00000060              : bind.oe66 (.text:BindGetIFByDBCast)
                  0c130200    00000060              : bind.oe66 (.text:BindIF2IPHost)
                  0c130260    00000060     ti.csl.ae66 : csl_cpIntcGetBaseAddress.oe66 (.text:CSL_CPINTC_open)
                  0c1302c0    00000060     nettool_ipv4.ae66 : config.oe66 (.text:CfgEntryInfo)
                  0c130320    00000060                       : config.oe66 (.text:CfgSetService)
                  0c130380    00000060     stk.ae66 : exec.oe66 (.text:ExecBroadcast)
                  0c1303e0    00000060              : igmp.oe66 (.text:IGMPTestGroup)
                  0c130440    00000060              : ip.oe66 (.text:IPChecksum)
                  0c1304a0    00000060              : lli.oe66 (.text:LLIFree)
                  0c130500    00000060              : nimu.oe66 (.text:NIMUAddHeader)
                  0c130560    00000060              : nimu.oe66 (.text:NIMUCreatePacket)
                  0c1305c0    00000060              : nimu.oe66 (.text:NIMUFindByIndex)
                  0c130620    00000060              : nimu.oe66 (.text:NIMUPacketService)
                  0c130680    00000060              : nimu.oe66 (.text:NIMUPacketServiceCheck)
                  0c1306e0    00000060              : nimu.oe66 (.text:NIMUSendPacket)
                  0c130740    00000060     netctrl_min_ipv4.ae66 : netsrv.oe66 (.text:NS_PreBoot)
                  0c1307a0    00000060     NetworkSend.obj (.text)
                  0c130800    00000060     stk.ae66 : rtc.oe66 (.text:RTCAddHook)
                  0c130860    00000060              : rtc.oe66 (.text:RTCRemoveHook)
                  0c1308c0    00000060     Raco_Vec_C6678.lib : Raco_Vec_C6678_Get_SN.obj (.text)
                  0c130920    00000060     stk.ae66 : rawethsock_pcb.oe66 (.text:RawEthSockPcbCleanup)
                  0c130980    00000060              : rawethsock_pcb.oe66 (.text:RawEthSockPcbFind)
                  0c1309e0    00000060              : rtable.oe66 (.text:RtWalkEnd)
                  0c130a40    00000060     netctrl_min_ipv4.ae66 : netsrv.oe66 (.text:ServiceCallback)
                  0c130aa0    00000060     stk.ae66 : sockprot.oe66 (.text:SockPrCtlError)
                  0c130b00    00000060              : sockprot.oe66 (.text:SockPrDetach)
                  0c130b60    00000060     c6678_2dsp_ddr3_vpx_lib.lib : srio_drv.obj (.text:Srio_allocTransmitBuffer)
                  0c130bc0    00000060                                 : srio_drv.obj (.text:Srio_freeRxDrvBuffer)
                  0c130c20    00000060     stk.ae66 : tcpprot.oe66 (.text:TcpPrConnect)
                  0c130c80    00000060              : tcptime.oe66 (.text:TcpSetPersist)
                  0c130ce0    00000060              : tcptime.oe66 (.text:TcpTimeoutPersist)
                  0c130d40    00000060              : vlan.oe66 (.text:VLANFindNode)
                  0c130da0    00000060              : vlan.oe66 (.text:VLANFindSourceInterface)
                  0c130e00    00000060              : vlan.oe66 (.text:VLANInit)
                  0c130e60    00000060     nettool_ipv4.ae66 : config.oe66 (.text:_CfgEntryProcess)
                  0c130ec0    00000060     rts6600_elf.lib : frcmpyd_div.obj (.text:__c6xabi_frcmpyd_div)
                  0c130f20    00000060                     : llshift.obj (.text:__c6xabi_llshru)
                  0c130f80    00000060                     : imath64.obj (.text:_subcull)
                  0c130fe0    00000060     ti.drv.cppi.ae66 : cppi_listlib.oe66 (.text:cppi_list_add)
                  0c131040    00000060                      : cppi_listlib.oe66 (.text:cppi_list_cache_invalidate)
                  0c1310a0    00000060     nettool_ipv4.ae66 : dhcpbild.oe66 (.text:dhcpBuildDiscover)
                  0c131100    00000060                       : dhcpsock.oe66 (.text:dhcpPacketReceive)
                  0c131160    00000060                       : dhcpsock.oe66 (.text:dhcpPacketSend)
                  0c1311c0    00000060     stk.ae66 : file.oe66 (.text:fdint_getfdt)
                  0c131220    00000060              : listlib.oe66 (.text:list_remove_node)
                  0c131280    00000060     os.ae66 : mem.oe66 (.text:mmUnInitPage)
                  0c1312e0    00000060     ti.drv.pa.ae66 : painit.oe66 (.text:pa_init_global_cfg)
                  0c131340    00000060                    : pa.oe66 (.text:pa_uint8_zero)
                  0c1313a0    00000060     miniPrintf.ae66 : miniPrintf.oe66 (.text:printf)
                  0c131400    00000060     app_pe66.oe66 (.text:ti_sysbios_BIOS_exitFunc__I)
                  0c131460    00000060     sysbios.lib : BIOS.obj (.text:ti_sysbios_BIOS_registerRTSLock__I)
                  0c1314c0    00000060                 : BIOS.obj (.text:ti_sysbios_family_c64p_EventCombiner_Module_startup__F)
                  0c131520    00000060                 : BIOS.obj (.text:ti_sysbios_family_c64p_EventCombiner_dispatchPlug__F)
                  0c131580    00000060                 : BIOS.obj (.text:ti_sysbios_family_c64p_EventCombiner_unused__F)
                  0c1315e0    00000060                 : BIOS.obj (.text:ti_sysbios_family_c64p_Hwi_restoreInterrupt__E)
                  0c131640    00000060                 : BIOS.obj (.text:ti_sysbios_gates_GateMutex_Instance_init__F)
                  0c1316a0    00000060                 : BIOS.obj (.text:ti_sysbios_hal_Hwi_initStack:ti_sysbios_hal_Hwi_initStack)
                  0c131700    00000060                 : BIOS.obj (.text:ti_sysbios_knl_Swi_Module_startup__F)
                  0c131760    00000060                 : BIOS.obj (.text:ti_sysbios_knl_Task_allBlockedFunction__I)
                  0c1317c0    00000060                 : BIOS.obj (.text:ti_sysbios_knl_Task_enter__I)
                  0c131820    00000060     rts6600_elf.lib : trgmsg.obj (.text:writemsg)
                  0c131880    00000060     ti.targets.rts6000.ae66 : Memory.oe66 (.text:xdc_runtime_Memory_calloc__F)
                  0c1318e0    00000060                             : SysMin.oe66 (.text:xdc_runtime_SysMin_Module_startup__F)
                  0c131940    00000060                             : SysMin.oe66 (.text:xdc_runtime_SysMin_exit__F)
                  0c1319a0    00000060     app_pe66.oe66 (.text:xdc_runtime_SysMin_output__I)
                  0c131a00    00000060     ti.targets.rts6000.ae66 : System.oe66 (.text:xdc_runtime_System_avprintf__F)
                  0c131a60    00000060                             : System.oe66 (.text:xdc_runtime_System_vprintf__F)
                  0c131ac0    00000060                             : Text.oe66 (.text:xdc_runtime_Text_cordText__F)
                  0c131b20    00000040     stk.ae66 : bind.oe66 (.text:BindGetIP)
                  0c131b60    00000040              : exec.oe66 (.text:ExecClose)
                  0c131ba0    00000040              : exec.oe66 (.text:ExecTimer)
                  0c131be0    00000040     netctrl_min_ipv4.ae66 : netctrl.oe66 (.text:NC_BootComplete)
                  0c131c20    00000040     os.ae66 : task.oe66 (.text:NDK_hookCreate)
                  0c131c60    00000040     nettool_ipv4.ae66 : ipaddr.oe66 (.text:NtRemoveNetwork)
                  0c131ca0    00000040     ti.drv.qmss.ae66 : qmss_drv.oe66 (.text:Qmss_ackInterrupt)
                  0c131ce0    00000040                      : qmss_drv.oe66 (.text:Qmss_getMemRegDescSize)
                  0c131d20    00000040     stk.ae66 : rawethsock_pcb.oe66 (.text:RawEthSockPcbInit)
                  0c131d60    00000040     nettool_ipv4.ae66 : ipaddr.oe66 (.text:RouteHook)
                  0c131da0    00000040     stk.ae66 : sockpcb.oe66 (.text:SockPcbAttach)
                  0c131de0    00000040              : sockint.oe66 (.text:SockSetOOBMark)
                  0c131e20    00000040     os.ae66 : task.oe66 (.text:TaskDestroy)
                  0c131e60    00000040     stk.ae66 : tcp.oe66 (.text:TcpTimeoutRemove)
                  0c131ea0    00000040              : tcptime.oe66 (.text:TcpTimeoutWait2)
                  0c131ee0    00000040     rts6600_elf.lib : call_stub.obj (.text:__call_stub)
                  0c131f20    00000040                     : strasg.obj (.text:__strasgi_64plus)
                  0c131f60    00000040                     : args_main.obj (.text:_args_main)
                  0c131fa0    00000040     hal_timer_bios.ae66 : lltimer.oe66 (.text:_llTimerInit)
                  0c131fe0    00000040     sysbios.lib : c62_TaskSupport_asm.obj (.text:_ti_sysbios_family_c62_TaskSupport_buildTaskStack)
                  0c132020    00000040                 : c64p_Hwi_asm_switch.obj (.text:_ti_sysbios_family_xxx_Hwi_switchToIsrStack)
                  0c132060    00000040     stk.ae66 : file.oe66 (.text:fdint_freefdt)
                  0c1320a0    00000040     app_pe66.oe66 (.text:free)
                  0c1320e0    00000040     nettool_ipv4.ae66 : inetaddr.oe66 (.text:inet_addr)
                  0c132120    00000040     stk.ae66 : listlib.oe66 (.text:list_add)
                  0c132160    00000040              : listlib.oe66 (.text:list_remove)
                  0c1321a0    00000040     ti.drv.pa.ae66 : pa.oe66 (.text:pa_mac_match)
                  0c1321e0    00000040     rts6600_elf.lib : fputs.obj (.text:puts)
                  0c132220    00000040     sysbios.lib : BIOS.obj (.text:rtsLock$0)
                  0c132260    00000040     miniPrintf.ae66 : miniPrintf.oe66 (.text:sprintf)
                  0c1322a0    00000040     app_pe66.oe66 (.text:ti_sysbios_BIOS_startFunc__I)
                  0c1322e0    00000040     sysbios.lib : BIOS.obj (.text:ti_sysbios_BIOS_start__E)
                  0c132320    00000040                 : BIOS.obj (.text:ti_sysbios_family_c64p_EventCombiner_disableEvent__F)
                  0c132360    00000040                 : BIOS.obj (.text:ti_sysbios_family_c64p_EventCombiner_enableEvent__F)
                  0c1323a0    00000040     app_pe66.oe66 (.text:ti_sysbios_family_c64p_Hwi_Module__startupDone__F)
                  0c1323e0    00000040     sysbios.lib : BIOS.obj (.text:ti_sysbios_family_c64p_Hwi_disableInterrupt__E)
                  0c132420    00000040                 : BIOS.obj (.text:ti_sysbios_family_c64p_Hwi_enableInterrupt__E)
                  0c132460    00000040     app_pe66.oe66 (.text:ti_sysbios_gates_GateHwi_Handle__label__S)
                  0c1324a0    00000040     app_pe66.oe66 (.text:ti_sysbios_gates_GateHwi_Object__delete__S)
                  0c1324e0    00000040     app_pe66.oe66 (.text:ti_sysbios_gates_GateMutex_Handle__label__S)
                  0c132520    00000040     sysbios.lib : BIOS.obj (.text:ti_sysbios_gates_GateMutex_Instance_finalize__F)
                  0c132560    00000040     app_pe66.oe66 (.text:ti_sysbios_gates_GateMutex_Object__delete__S)
                  0c1325a0    00000040     sysbios.lib : BIOS.obj (.text:ti_sysbios_gates_GateMutex_leave__E)
                  0c1325e0    00000040     app_pe66.oe66 (.text:ti_sysbios_hal_Timer_Module__startupDone__F)
                  0c132620    00000040     app_pe66.oe66 (.text:ti_sysbios_heaps_HeapMem_Handle__label__S)
                  0c132660    00000040     app_pe66.oe66 (.text:ti_sysbios_heaps_HeapMem_Object__delete__S)
                  0c1326a0    00000040     app_pe66.oe66 (.text:ti_sysbios_heaps_HeapMem_Object__get__S)
                  0c1326e0    00000040     app_pe66.oe66 (.text:ti_sysbios_knl_Clock_Object__destruct__S)
                  0c132720    00000040     app_pe66.oe66 (.text:ti_sysbios_knl_Mailbox_Object__get__S)
                  0c132760    00000040     app_pe66.oe66 (.text:ti_sysbios_knl_Queue_Object__destruct__S)
                  0c1327a0    00000040     sysbios.lib : BIOS.obj (.text:ti_sysbios_knl_Semaphore_Instance_finalize__F)
                  0c1327e0    00000040     app_pe66.oe66 (.text:ti_sysbios_knl_Semaphore_Object__delete__S)
                  0c132820    00000040     app_pe66.oe66 (.text:ti_sysbios_knl_Semaphore_Object__destruct__S)
                  0c132860    00000040     app_pe66.oe66 (.text:ti_sysbios_knl_Swi_Object__get__S)
                  0c1328a0    00000040     app_pe66.oe66 (.text:ti_sysbios_knl_Task_Object__delete__S)
                  0c1328e0    00000040     app_pe66.oe66 (.text:ti_sysbios_knl_Task_Object__get__S)
                  0c132920    00000040     sysbios.lib : BIOS.obj (.text:ti_sysbios_knl_Task_sleepTimeout__I)
                  0c132960    00000040     app_pe66.oe66 (.text:ti_sysbios_timers_timer64_Timer_Module__startupDone__F)
                  0c1329a0    00000040     ti.targets.rts6000.ae66 : Error.oe66 (.text:xdc_runtime_Error_check__F)
                  0c1329e0    00000040                             : Error.oe66 (.text:xdc_runtime_Error_init__F)
                  0c132a20    00000040                             : Gate.oe66 (.text:xdc_runtime_Gate_leaveSystem__F)
                  0c132a60    00000040     app_pe66.oe66 (.text:xdc_runtime_LoggerBuf_Handle__label__S)
                  0c132aa0    00000040     ti.targets.rts6000.ae66 : LoggerBuf.oe66 (.text:xdc_runtime_LoggerBuf_Instance_finalize__F)
                  0c132ae0    00000040     app_pe66.oe66 (.text:xdc_runtime_LoggerBuf_Object__delete__S)
                  0c132b20    00000040     app_pe66.oe66 (.text:xdc_runtime_LoggerBuf_Object__get__S)
                  0c132b60    00000040     ti.targets.rts6000.ae66 : LoggerBuf.oe66 (.text:xdc_runtime_LoggerBuf_write0__F)
                  0c132ba0    00000040                             : LoggerBuf.oe66 (.text:xdc_runtime_LoggerBuf_write1__F)
                  0c132be0    00000040                             : LoggerBuf.oe66 (.text:xdc_runtime_LoggerBuf_write2__F)
                  0c132c20    00000040                             : Memory.oe66 (.text:xdc_runtime_Memory_free__F)
                  0c132c60    00000040                             : Registry.oe66 (.text:xdc_runtime_Registry_findById__F)
                  0c132ca0    00000040                             : System.oe66 (.text:xdc_runtime_System_abort__F)
                  0c132ce0    00000040     app_pe66.oe66 (.text:xdc_runtime_System_aprintf__E)
                  0c132d20    00000040     app_pe66.oe66 (.text:xdc_runtime_System_printf__E)
                  0c132d60    00000040     ti.targets.rts6000.ae66 : Text.oe66 (.text:xdc_runtime_Text_ropeText__F)
                  0c132da0    00000020     stk.ae66 : bind.oe66 (.text:BindGetFirst)
                  0c132dc0    00000020              : bind.oe66 (.text:BindGetIF)
                  0c132de0    00000020              : bind.oe66 (.text:BindGetNext)
                  0c132e00    00000020              : bind.oe66 (.text:BindIFNet2IPHost)
                  0c132e20    00000020              : bind.oe66 (.text:BindIPHost2IF)
                  0c132e40    00000020     ti.csl.ae66 : csl_srioGetBaseAddress.oe66 (.text:CSL_SRIO_Open)
                  0c132e60    00000020     nettool_ipv4.ae66 : config.oe66 (.text:CfgSetDefault)
                  0c132e80    00000020     ti.drv.cppi.ae66 : cppi_drv.oe66 (.text:Cppi_init)
                  0c132ea0    00000020     stk.ae66 : exec.oe66 (.text:ExecHRef)
                  0c132ec0    00000020              : exec.oe66 (.text:ExecLowResource)
                  0c132ee0    00000020              : ip.oe66 (.text:IPRtChange)
                  0c132f00    00000020     hal_userled_stub.ae66 : llled.oe66 (.text:LED_TOGGLE)
                  0c132f20    00000020     netctrl_min_ipv4.ae66 : netctrl.oe66 (.text:NC_IPUpdate)
                  0c132f40    00000020                           : netctrl.oe66 (.text:NC_NetStop)
                  0c132f60    00000020     os.ae66 : task.oe66 (.text:NDK_hookInit)
                  0c132f80    00000020     stk.ae66 : nimu.oe66 (.text:NIMUGetRsvdSizeInfo)
                  0c132fa0    00000020              : nimu.oe66 (.text:NIMUSetRsvdSizeInfo)
                  0c132fc0    00000020              : nat.oe66 (.text:NatMsg)
                  0c132fe0    00000020              : node.oe66 (.text:NodeGetRt)
                  0c133000    00000020              : node.oe66 (.text:NodeSetRt)
                  0c133020    00000020     os.ae66 : task.oe66 (.text:NotifyLowResource)
                  0c133040    00000020             : oem.oe66 (.text:OEMCacheClean)
                  0c133060    00000020             : oem.oe66 (.text:OEMSysCritOff)
                  0c133080    00000020             : oem.oe66 (.text:OEMSysCritOn)
                  0c1330a0    00000020     stk.ae66 : pbm.oe66 (.text:PBM_close)
                  0c1330c0    00000020     ti.drv.qmss.ae66 : qmss_drv.oe66 (.text:Qmss_getQueueNumber)
                  0c1330e0    00000020                      : qmss_drv.oe66 (.text:Qmss_start)
                  0c133100    00000020     stk.ae66 : rawethsock_prot.oe66 (.text:RawEthSockPrAttach)
                  0c133120    00000020              : rawethsock_prot.oe66 (.text:RawEthSockPrDetach)
                  0c133140    00000020     os.ae66 : semaphore.oe66 (.text:SemDelete)
                  0c133160    00000020             : semaphore.oe66 (.text:SemPend)
                  0c133180    00000020             : semaphore.oe66 (.text:SemPost)
                  0c1331a0    00000020             : semaphore.oe66 (.text:SemReset)
                  0c1331c0    00000020     stk.ae66 : sockprot.oe66 (.text:SockPrAttach)
                  0c1331e0    00000020              : sockint.oe66 (.text:SockSetOOBData)
                  0c133200    00000020     os.ae66 : task.oe66 (.text:TaskBlock)
                  0c133220    00000020             : task.oe66 (.text:TaskSelf)
                  0c133240    00000020             : task.oe66 (.text:TaskSetPri)
                  0c133260    00000020     stk.ae66 : tcpprot.oe66 (.text:TcpPrRecv)
                  0c133280    00000020              : tcp.oe66 (.text:TcpTimeoutAdd)
                  0c1332a0    00000020              : timer.oe66 (.text:TimerFree)
                  0c1332c0    00000020     os.ae66 : task.oe66 (.text:_TaskInit)
                  0c1332e0    00000020             : task.oe66 (.text:_TaskShutdown)
                  0c133300    00000020     rts6600_elf.lib : trunc.obj (.text:__c6xabi_trunc)
                  0c133320    00000020                     : dtor_list.obj (.text:__cxa_atexit)
                  0c133340    00000020                     : dtor_list.obj (.text:__cxa_ia64_exit)
                  0c133360    00000020                     : push.obj (.text:__pop_rts)
                  0c133380    00000020                     : push.obj (.text:__push_rts)
                  0c1333a0    00000020     ti.targets.rts6000.ae66 : xdc_noinit.oe66 (.text:__xdc__init)
                  0c1333c0    00000020     hal_ser_stub.ae66 : llserstb.oe66 (.text:_llSerialInit)
                  0c1333e0    00000020                       : llserstb.oe66 (.text:_llSerialServiceCheck)
                  0c133400    00000020                       : llserstb.oe66 (.text:_llSerialShutdown)
                  0c133420    00000020     hal_timer_bios.ae66 : lltimer.oe66 (.text:_llTimerShutdown)
                  0c133440    00000020     hal_userled_stub.ae66 : llled.oe66 (.text:_llUserLedInit)
                  0c133460    00000020                           : llled.oe66 (.text:_llUserLedShutdown)
                  0c133480    00000020     rts6600_elf.lib : _lock.obj (.text:_nop)
                  0c1334a0    00000020                     : _lock.obj (.text:_register_lock)
                  0c1334c0    00000020                     : _lock.obj (.text:_register_unlock)
                  0c1334e0    00000020     sysbios.lib : c62_TaskSupport_asm.obj (.text:_ti_sysbios_family_c62_TaskSupport_glue)
                  0c133500    00000020                 : c64p_Hwi_asm_switch.obj (.text:_ti_sysbios_family_xxx_Hwi_switchToTaskStack)
                  0c133520    00000020     rts6600_elf.lib : exit.obj (.text:abort)
                  0c133540    00000020                     : dtor_list.obj (.text:atexit)
                  0c133560    00000020     c6678_2dsp_ddr3_vpx_lib.lib : clear_gie.obj (.text)
                  0c133580    00000020                                 : restore_irp.obj (.text)
                  0c1335a0    00000020                                 : restore_itsr.obj (.text)
                  0c1335c0    00000020                                 : restore_nrp.obj (.text)
                  0c1335e0    00000020                                 : restore_pgie.obj (.text)
                  0c133600    00000020                                 : save_irp.obj (.text)
                  0c133620    00000020                                 : save_itsr.obj (.text)
                  0c133640    00000020                                 : save_nrp.obj (.text)
                  0c133660    00000020                                 : save_pgie.obj (.text)
                  0c133680    00000020                                 : set_gie.obj (.text)
                  0c1336a0    00000020     ti.drv.cppi.ae66 : cppi_heap.oe66 (.text:cppi_internal_heap_free)
                  0c1336c0    00000020                      : cppi_listlib.oe66 (.text:cppi_list_get_head)
[...]
0c174280   ti_sysbios_knl_Mailbox_Instance_State_2_allocBuf__A
0c174320   ti_sysbios_knl_Mailbox_Instance_State_3_allocBuf__A
0c174398   ti_sysbios_knl_Task_Instance_State_0_hookEnv__A
0c1743a0   ti_sysbios_knl_Task_Instance_State_1_hookEnv__A
0c1743a8   ti_sysbios_knl_Task_Instance_State_2_hookEnv__A
0c1743b0   ti_sysbios_knl_Task_Instance_State_3_hookEnv__A
0c1743b8   ti_sysbios_knl_Task_Instance_State_4_hookEnv__A
0c1743c0   ti_sysbios_knl_Task_Instance_State_5_hookEnv__A
0c1743c8   xdc_runtime_LoggerBuf_Instance_State_0_entryArr__A
0c1745c8   xdc_runtime_SysMin_Module_State_0_outbuf__A
0c1747c8   ti_ndk_config_Global_pit
0c174988   ti_ndk_config_Global_pitBuffer
0c180988   NetRecvBuf
0c180fc8   _tmpnams
0c181108   qmssLObj
0c181418   tcps
0c1814d0   tpseudo
0c1814dc   raweth_pcb
0c181580   _ICMPIn
0c1815d0   _ICMPOut
0c181620   BlockMax
0c181640   BlockCount
0c181660   PageMax
0c181680   PageCount
0c18169c   ips
0c181704   nimu_mcb
0c181768   gI2cBlock
0c1817ac   udps
0c1817d0   upseudo
0c1817e0   nimuGlobalConfigParams
0c1817f0   coreKey
0c181810   vlan_mcb
0c181838   gCppiCfg
0c181858   ti_ndk_config_Global_Id2Size
0c181874   PBMQ_free
0c181894   stkEvent
0c1818a4   raws
0c1818b4   raweths
0c1818d0   ti_sysbios_knl_Task_hooks__A
0c181900   ti_ndk_config_Global_pBufMem
0c1c9900   ti_ndk_config_Global_pHdrMem
0c1cd3c8   ti_sysbios_knl_Task_Object__PARAMS__C
0c1cd400   Radar_queueFree
0c1cf400   isQMSSInitialized
0c1cf480   Radar_qmssGObj
0c1cf7f8   qmssInitConfig
0c1cf880   chObjPtrtxcount
0c1cf900   mychObjtx
0c1d01c0   chObjPtrrxcount
0c1d0200   mychObjrx
0c1d0ac0   flowObjPtrrxcount
0c1d0b00   myflowObj
0c1d1280   scppiGblCfgParams
0c1d1300   Radar_cppiObject
0c1d1500   isSRIOInitialized
0c1d1504   srioDrvInstPtrcount
0c1d1508   srioSocketPtrcount
0c1d150c   sockDataPtrcount
0c1d1510   gDataBufferMemMgrMaxSize
0c1d1514   malloc_counter
0c1d1518   free_counter
0c1d151c   MemoryPtrcount
0c1d1520   myMemory
0c1d3320   IsQmssInit
0c1d3400   mysrioDrvInst
0c1d3800   mysrioSocket
0c1d3a00   mysockData
0c1d8000   gSRIODriverMCB
0c1d8100   gDataBufferMemMgr
0c1d8200   srioSocket
0c1d8300   hDrvManagedSrioDrv
0c1d8310   Radar_gHiPriAccumList
0c1d8400   srioSocket1
0c1d8500   srioSocket_type11
0c1d8580   hnd
0c1d8800   _CSL_intcVectorTable
0c1d8a00   c1
0c1da7c8   m
0c1dc078   xdc_runtime_Text_charTab__A
0c1dd468   c2
0c1dedc8   Radar_acc48_le
0c1df3f8   acc48_le
0c1dfe58   ti_sysbios_family_c66_Cache_marvalues__C
0c1e0740   xdc_runtime_Text_nodeTab__A
0c1e0d28   Radar_cppiLldVersionStr
0c1e0da8   Radar_qmssLldVersionStr
0c1e0f50   pap_pdsp_const_reg_map
0c1e10c0   Code2Err
0c1e11f4   ti_sysbios_BIOS_Module__diagsEnabled__C
0c1e11f8   xdc_runtime_Startup_sfxnTab__A
0c1e1238   xdc_runtime_LoggerBuf_Module__FXNS__C
0c1e1390   ti_sysbios_heaps_HeapMem_Module__FXNS__C
0c1e13b8   xdc_runtime_LoggerBuf_Object__PARAMS__C
0c1e13e0   ti_sysbios_gates_GateHwi_Module__FXNS__C
0c1e1404   ti_sysbios_gates_GateMutex_Module__FXNS__C
0c1e1428   ti_sysbios_knl_Clock_Object__PARAMS__C
0c1e144c   ti_sysbios_knl_Semaphore_Object__PARAMS__C
0c1e1490   ti_sysbios_gates_GateHwi_Object__DESC__C
0c1e14b0   ti_sysbios_gates_GateMutex_Object__DESC__C
0c1e14d0   ti_sysbios_heaps_HeapMem_Object__DESC__C
0c1e14f0   ti_sysbios_heaps_HeapMem_Object__PARAMS__C
0c1e1510   ti_sysbios_knl_Clock_Object__DESC__C
0c1e1530   ti_sysbios_knl_Queue_Object__DESC__C
0c1e1550   ti_sysbios_knl_Semaphore_Object__DESC__C
0c1e1570   ti_sysbios_knl_Task_Object__DESC__C
0c1e1590   xdc_runtime_LoggerBuf_Object__DESC__C
0c1e15b0   xdc_runtime_Startup_sfxnRts__A
0c1e160c   ti_sysbios_BIOS_Module__diagsIncluded__C
0c1e1688   ti_sysbios_gates_GateHwi_Object__PARAMS__C
0c1e16a0   ti_sysbios_gates_GateMutex_Object__PARAMS__C
0c1e16b8   ti_sysbios_knl_Queue_Object__PARAMS__C
0c1e1734   ti_sysbios_BIOS_Module__diagsMask__C
0c1e1738   paMemAligns
0c1e1748   ti_sysbios_family_c64p_EventCombiner_EVTMASK__C
0c1e1774   ti_sysbios_family_c66_Cache_initSize__C
0c1e1780   xdc_runtime_Startup_firstFxns__A
0c1e178c   ti_sysbios_BIOS_installedErrorHook__C
0c1e179c   ti_sysbios_family_c62_TaskSupport_stackAlignment__C
0c1e17ac   ti_sysbios_family_c64p_EventCombiner_E_unpluggedEvent__C
0c1e17d8   ti_sysbios_knl_Idle_funcList__C
0c1e17e0   ti_sysbios_knl_Task_hooks__C
0c1e17e8   xdc_runtime_Startup_firstFxns__C
0c1e17f0   xdc_runtime_Startup_lastFxns__A
0c1e17f8   xdc_runtime_Startup_lastFxns__C
0c1e1818   ti_sysbios_family_c64p_Exception_E_exceptionMin__C
0c1e181c   ti_sysbios_family_c64p_Exception_exceptionHook__C
0c1e1820   ti_sysbios_family_c64p_Exception_externalHook__C
0c1e1824   ti_sysbios_family_c64p_Exception_internalHook__C
0c1e1828   ti_sysbios_family_c64p_Exception_nmiHook__C
0c1e182c   ti_sysbios_family_c64p_Hwi_LD_end__C
0c1e1830   ti_sysbios_family_c64p_Hwi_LM_begin__C
0c1e1834   ti_sysbios_family_c64p_Hwi_Module__diagsEnabled__C
0c1e1838   ti_sysbios_family_c64p_Hwi_Module__diagsIncluded__C
0c1e183c   ti_sysbios_family_c64p_Hwi_Module__diagsMask__C
0c1e1840   ti_sysbios_family_c64p_Hwi_Module__loggerFxn1__C
0c1e1844   ti_sysbios_family_c64p_Hwi_Module__loggerFxn8__C
0c1e1848   ti_sysbios_family_c64p_Hwi_Module__loggerObj__C
0c1e184c   ti_sysbios_family_c66_Cache_atomicBlockSize__C
0c1e1850   ti_sysbios_gates_GateMutex_A_badContext__C
0c1e1854   ti_sysbios_gates_GateMutex_Instance_State_sem__O
0c1e1858   ti_sysbios_gates_GateMutex_Module__diagsEnabled__C
0c1e185c   ti_sysbios_gates_GateMutex_Module__diagsIncluded__C
0c1e1860   ti_sysbios_gates_GateMutex_Module__diagsMask__C
0c1e1864   ti_sysbios_heaps_HeapMem_A_align__C
0c1e1868   ti_sysbios_heaps_HeapMem_A_heapSize__C
0c1e186c   ti_sysbios_heaps_HeapMem_A_invalidFree__C
0c1e1870   ti_sysbios_heaps_HeapMem_A_zeroBlock__C
0c1e1874   ti_sysbios_heaps_HeapMem_E_memory__C
0c1e1878   ti_sysbios_heaps_HeapMem_Module__diagsEnabled__C
0c1e187c   ti_sysbios_heaps_HeapMem_Module__diagsIncluded__C
0c1e1880   ti_sysbios_heaps_HeapMem_Module__diagsMask__C
0c1e1884   ti_sysbios_heaps_HeapMem_Module__gateObj__C
0c1e1888   ti_sysbios_heaps_HeapMem_Object__count__C
0c1e188c   ti_sysbios_heaps_HeapMem_reqAlignMask__C
0c1e1890   ti_sysbios_heaps_HeapMem_reqAlign__C
0c1e1894   ti_sysbios_io_DEV_Object__count__C
0c1e1898   ti_sysbios_io_DEV_tableSize__C
0c1e189c   ti_sysbios_knl_Clock_A_badThreadType__C
0c1e18a0   ti_sysbios_knl_Clock_LM_begin__C
0c1e18a4   ti_sysbios_knl_Clock_LM_tick__C
0c1e18a8   ti_sysbios_knl_Clock_LW_delayed__C
0c1e18ac   ti_sysbios_knl_Clock_Module_State_clockQ__O
0c1e18b0   ti_sysbios_knl_Clock_Module__diagsEnabled__C
0c1e18b4   ti_sysbios_knl_Clock_Module__diagsIncluded__C
0c1e18b8   ti_sysbios_knl_Clock_Module__diagsMask__C
0c1e18bc   ti_sysbios_knl_Clock_Module__loggerFxn1__C
0c1e18c0   ti_sysbios_knl_Clock_Module__loggerFxn2__C
0c1e18c4   ti_sysbios_knl_Clock_Module__loggerObj__C
0c1e18c8   ti_sysbios_knl_Clock_tickMode__C
0c1e18cc   ti_sysbios_knl_Clock_tickSource__C
0c1e18d0   ti_sysbios_knl_Idle_funcList__A
0c1e18d4   ti_sysbios_knl_Mailbox_Instance_State_dataQue__O
0c1e18d8   ti_sysbios_knl_Mailbox_Instance_State_dataSem__O
0c1e18dc   ti_sysbios_knl_Mailbox_Instance_State_freeQue__O
0c1e18e0   ti_sysbios_knl_Mailbox_Instance_State_freeSem__O
0c1e18e4   ti_sysbios_knl_Mailbox_Object__count__C
0c1e18e8   ti_sysbios_knl_Semaphore_A_badContext__C
0c1e18ec   ti_sysbios_knl_Semaphore_A_noEvents__C
0c1e18f0   ti_sysbios_knl_Semaphore_A_overflow__C
0c1e18f4   ti_sysbios_knl_Semaphore_Instance_State_pendQ__O
0c1e18f8   ti_sysbios_knl_Semaphore_LM_pend__C
0c1e18fc   ti_sysbios_knl_Semaphore_LM_post__C
0c1e1900   ti_sysbios_knl_Semaphore_Module__diagsEnabled__C
0c1e1904   ti_sysbios_knl_Semaphore_Module__diagsIncluded__C
0c1e1908   ti_sysbios_knl_Semaphore_Module__diagsMask__C
0c1e190c   ti_sysbios_knl_Semaphore_Module__loggerFxn2__C
0c1e1910   ti_sysbios_knl_Semaphore_Module__loggerFxn4__C
0c1e1914   ti_sysbios_knl_Semaphore_Module__loggerObj__C
0c1e1918   ti_sysbios_knl_Swi_LD_end__C
0c1e191c   ti_sysbios_knl_Swi_LM_begin__C
0c1e1920   ti_sysbios_knl_Swi_LM_post__C
0c1e1924   ti_sysbios_knl_Swi_Module__diagsEnabled__C
0c1e1928   ti_sysbios_knl_Swi_Module__diagsIncluded__C
0c1e192c   ti_sysbios_knl_Swi_Module__diagsMask__C
0c1e1930   ti_sysbios_knl_Swi_Module__loggerFxn1__C
0c1e1934   ti_sysbios_knl_Swi_Module__loggerFxn4__C
0c1e1938   ti_sysbios_knl_Swi_Module__loggerObj__C
0c1e193c   ti_sysbios_knl_Swi_Object__count__C
0c1e1940   ti_sysbios_knl_Task_A_badPriority__C
0c1e1944   ti_sysbios_knl_Task_A_badTaskState__C
0c1e1948   ti_sysbios_knl_Task_A_badThreadType__C
0c1e194c   ti_sysbios_knl_Task_A_badTimeout__C
0c1e1950   ti_sysbios_knl_Task_A_noPendElem__C
0c1e1954   ti_sysbios_knl_Task_E_spOutOfBounds__C
0c1e1958   ti_sysbios_knl_Task_E_stackOverflow__C
0c1e195c   ti_sysbios_knl_Task_LD_block__C
0c1e1960   ti_sysbios_knl_Task_LD_exit__C
0c1e1964   ti_sysbios_knl_Task_LD_ready__C
0c1e1968   ti_sysbios_knl_Task_LM_setPri__C
0c1e196c   ti_sysbios_knl_Task_LM_sleep__C
0c1e1970   ti_sysbios_knl_Task_LM_switch__C
0c1e1974   ti_sysbios_knl_Task_Module_State_inactiveQ__O
0c1e1978   ti_sysbios_knl_Task_Module_State_terminatedQ__O
0c1e197c   ti_sysbios_knl_Task_Module__diagsEnabled__C
0c1e1980   ti_sysbios_knl_Task_Module__diagsIncluded__C
0c1e1984   ti_sysbios_knl_Task_Module__diagsMask__C
0c1e1988   ti_sysbios_knl_Task_Module__loggerFxn2__C
0c1e198c   ti_sysbios_knl_Task_Module__loggerFxn4__C
0c1e1990   ti_sysbios_knl_Task_Module__loggerObj__C
0c1e1994   ti_sysbios_knl_Task_Object__count__C
0c1e1998   ti_sysbios_knl_Task_Object__heap__C
0c1e199c   ti_sysbios_knl_Task_allBlockedFunc__C
0c1e19a0   ti_sysbios_knl_Task_defaultStackHeap__C
0c1e19a4   ti_sysbios_knl_Task_defaultStackSize__C
0c1e19a8   ti_sysbios_knl_Task_numConstructedTasks__C
0c1e19ac   ti_sysbios_knl_Task_numPriorities__C
0c1e19b0   ti_sysbios_timers_timer64_Timer_A_notAvailable__C
0c1e19b4   ti_sysbios_timers_timer64_Timer_E_cannotSupport__C
0c1e19b8   ti_sysbios_timers_timer64_Timer_Module__diagsEnabled__C
0c1e19bc   ti_sysbios_timers_timer64_Timer_Module__diagsIncluded__C
0c1e19c0   ti_sysbios_timers_timer64_Timer_Module__diagsMask__C
0c1e19c4   ti_sysbios_timers_timer64_Timer_anyMask__C
0c1e19c8   ti_sysbios_timers_timer64_Timer_freqDivisor__C
0c1e19cc   ti_sysbios_timers_timer64_Timer_numLocalTimers__C
0c1e19d0   ti_sysbios_timers_timer64_Timer_numTimerDevices__C
0c1e19d4   xdc_runtime_Assert_E_assertFailed__C
0c1e19d8   xdc_runtime_Core_A_initializedParams__C
0c1e19dc   xdc_runtime_Core_Module__diagsEnabled__C
0c1e19e0   xdc_runtime_Core_Module__diagsIncluded__C
0c1e19e4   xdc_runtime_Core_Module__diagsMask__C
0c1e19e8   xdc_runtime_Error_E_generic__C
0c1e19ec   xdc_runtime_Error_E_memory__C
0c1e19f0   xdc_runtime_Error_Module__diagsEnabled__C
0c1e19f4   xdc_runtime_Error_Module__diagsIncluded__C
0c1e19f8   xdc_runtime_Error_Module__diagsMask__C
0c1e19fc   xdc_runtime_Error_Module__loggerFxn8__C
0c1e1a00   xdc_runtime_Error_Module__loggerObj__C
0c1e1a04   xdc_runtime_Error_policy__C
0c1e1a08   xdc_runtime_Error_raiseHook__C
0c1e1a0c   xdc_runtime_IFilterLogger_Interface__BASE__C
0c1e1a10   xdc_runtime_IGateProvider_Interface__BASE__C
0c1e1a14   xdc_runtime_IHeap_Interface__BASE__C
0c1e1a18   xdc_runtime_ILogger_Interface__BASE__C
0c1e1a1c   xdc_runtime_IModule_Interface__BASE__C
0c1e1a20   xdc_runtime_Log_L_error__C
0c1e1a24   xdc_runtime_LoggerBuf_E_badLevel__C
0c1e1a28   xdc_runtime_LoggerBuf_Module__gateObj__C
0c1e1a2c   xdc_runtime_LoggerBuf_Object__count__C
0c1e1a30   xdc_runtime_LoggerBuf_statusLogger__C
0c1e1a34   xdc_runtime_Memory_defaultHeapInstance__C
0c1e1a38   xdc_runtime_Startup_execImpl__C
0c1e1a3c   xdc_runtime_Startup_maxPasses__C
0c1e1a40   xdc_runtime_Startup_sfxnRts__C
0c1e1a44   xdc_runtime_Startup_sfxnTab__C
0c1e1a48   xdc_runtime_SysMin_bufSize__C
0c1e1a4c   xdc_runtime_SysMin_outputFunc__C
0c1e1a50   xdc_runtime_System_Module__gateObj__C
0c1e1a54   xdc_runtime_System_extendFxn__C
0c1e1a58   xdc_runtime_System_maxAtexitHandlers__C
0c1e1a5c   xdc_runtime_Text_charTab__C
0c1e1a60   xdc_runtime_Text_nameEmpty__C
0c1e1a64   xdc_runtime_Text_nameStatic__C
0c1e1a68   xdc_runtime_Text_nameUnknown__C
0c1e1a6c   xdc_runtime_Text_nodeTab__C
0c1e1a70   xdc_runtime_Text_visitRopeFxn__C
0c1e1a74   ti_sysbios_BIOS_Module__id__C
0c1e1a78   ti_sysbios_family_c64p_EventCombiner_Module__id__C
0c1e1a7c   ti_sysbios_family_c64p_Exception_Module__id__C
0c1e1a80   ti_sysbios_family_c64p_Hwi_Module__id__C
0c1e1a84   ti_sysbios_family_c64p_Hwi_Module__loggerDefined__C
0c1e1a88   ti_sysbios_gates_GateMutex_Module__id__C
0c1e1a8c   ti_sysbios_heaps_HeapMem_Module__id__C
0c1e1a90   ti_sysbios_io_DEV_Module__id__C
0c1e1a94   ti_sysbios_knl_Clock_Module__id__C
0c1e1a98   ti_sysbios_knl_Clock_Module__loggerDefined__C
0c1e1a9c   ti_sysbios_knl_Semaphore_Module__id__C
0c1e1aa0   ti_sysbios_knl_Semaphore_Module__loggerDefined__C
0c1e1aa4   ti_sysbios_knl_Swi_Module__id__C
0c1e1aa8   ti_sysbios_knl_Swi_Module__loggerDefined__C
0c1e1aac   ti_sysbios_knl_Task_Module__id__C
0c1e1ab0   ti_sysbios_knl_Task_Module__loggerDefined__C
0c1e1ab4   ti_sysbios_knl_Task_deleteTerminatedTasks__C
0c1e1ab8   ti_sysbios_knl_Task_initStackFlag__C
0c1e1abc   ti_sysbios_timers_timer64_Timer_Module__id__C
0c1e1ac0   ti_sysbios_timers_timer64_Timer_startupNeeded__C
0c1e1ac4   xdc_runtime_Core_Module__id__C
0c1e1ac8   xdc_runtime_Error_Module__loggerDefined__C
0c1e1acc   xdc_runtime_Error_maxDepth__C
0c1e1ad0   xdc_runtime_LoggerBuf_Module__id__C
0c1e1ad4   xdc_runtime_LoggerBuf_filterByLevel__C
0c1e1ad8   xdc_runtime_Memory_Module__id__C
0c1e1adc   xdc_runtime_SysMin_flushAtExit__C
0c1e1ae0   xdc_runtime_Text_charCnt__C
0c1e1ae4   xdc_runtime_Text_isLoaded__C
0c1e1ae8   xdc_runtime_Text_registryModsLastId__C
0c1e1aec   xdc_runtime_Text_unnamedModsLastId__C
0c1e1af0   Qmss_lowEoiVector
0c1e1b00   queueFree
0c1e3b00   qmssGObj
0c1e3f00   ti_sysbios_BIOS_Module__state__V
0c1e3f1c   ti_sysbios_family_c64p_EventCombiner_Module__state__V
0c1e431c   ti_sysbios_family_c64p_Exception_Module__state__V
0c1e4348   ti_sysbios_family_c64p_Hwi_Module__root__V
0c1e4350   ti_sysbios_family_c64p_Hwi_Module__state__V
0c1e43b8   ti_sysbios_gates_GateHwi_Module__root__V
0c1e43c0   ti_sysbios_gates_GateMutex_Module__root__V
0c1e43c8   ti_sysbios_hal_Hwi_Module__root__V
0c1e43d0   ti_sysbios_hal_Timer_Module__root__V
0c1e43d8   ti_sysbios_heaps_HeapMem_Module__root__V
0c1e43e0   ti_sysbios_io_DEV_Module__root__V
0c1e43e8   ti_sysbios_io_DEV_Module__state__V
0c1e43ec   ti_sysbios_knl_Clock_Module__root__V
0c1e43f4   ti_sysbios_knl_Clock_Module__state__V
0c1e4420   ti_sysbios_knl_Event_Module__root__V
0c1e4428   ti_sysbios_knl_Mailbox_Module__root__V
0c1e4430   ti_sysbios_knl_Queue_Module__root__V
0c1e4438   ti_sysbios_knl_Semaphore_Module__root__V
0c1e4440   ti_sysbios_knl_Swi_Module__root__V
0c1e4448   ti_sysbios_knl_Swi_Module__state__V
0c1e4464   ti_sysbios_knl_Task_Module__root__V
0c1e446c   ti_sysbios_knl_Task_Module__state__V
0c1e44a0   ti_sysbios_timers_timer64_Timer_Module__root__V
0c1e44a8   ti_sysbios_timers_timer64_Timer_Module__state__V
0c1e44bc   xdc_runtime_Error_Module__state__V
0c1e44c0   xdc_runtime_LoggerBuf_Module__root__V
0c1e44c8   xdc_runtime_LoggerBuf_Module__state__V
0c1e44d0   xdc_runtime_Memory_Module__state__V
0c1e44d4   xdc_runtime_Registry_Module__state__V
0c1e44dc   xdc_runtime_Startup_Module__state__V
0c1e44e4   xdc_runtime_SysMin_Module__state__V
0c1e44f0   xdc_runtime_System_Module__state__V
0c1e44fc   xdc_runtime_Text_Module__state__V
0c1e4504   __xdc__init__addr
0c1e4508   _ftable
0c1e46e8   ti_sysbios_knl_Task_Object__table__V
0c1e483c   TSK_idle
0c1e4880   ti_sysbios_timers_timer64_Timer_Module_State_0_device__A
0c1e4a00   ti_sysbios_knl_Mailbox_Object__table__V
0c1e4b60   qmssGblCfgParams
0c1e4c80   Radar_qmssGblCfgParams
0c1e4d9c   _ft_end
0c1e4da0   ti_sysbios_knl_Task_Module_State_0_readyQ__A
0c1e4ea0   _ipcfg
0c1e4ff8   ti_sysbios_family_c64p_Hwi_Object__table__V
0c1e5088   ti_sysbios_knl_Swi_Module_State_0_readyQ__A
0c1e5108   ti_sysbios_timers_timer64_Timer_Module_State_0_gctrl__A
0c1e5188   ti_sysbios_timers_timer64_Timer_Module_State_0_handles__A
0c1e5208   ti_sysbios_timers_timer64_Timer_Module_State_0_intFreqs__A
0c1e5300   cppiGblCfgParams
0c1e5378   NIMUDeviceTable
0c1e53d0   ti_sysbios_timers_timer64_Timer_Object__table__V
0c1e541c   cppiLObj
0c1e5560   ti_sysbios_gates_GateMutex_Object__table__V
0c1e55d4   _cleanup_ptr
0c1e55d8   _dtors_ptr
0c1e55dc   __TI_enable_exit_profile_output
0c1e5610   ti_sysbios_knl_Swi_Object__table__V
0c1e5640   ti_sysbios_heaps_HeapMem_Object__table__V
0c1e5668   _oscfg
0c1e568c   paLObj
0c1e5690   xdc_runtime_LoggerBuf_Object__table__V
0c1e56b8   Qmss_highEoiVector
0c1e56d8   Radar_Qmss_highEoiVector
0c1e56f8   _lock
0c1e56fc   _unlock
0c1e5700   pstrMsgName
0c1e5720   ti_sysbios_io_DEV_Module_State_0_table__A
0c1e5758   Radar_Qmss_lowEoiVector
0c1e5768   ti_sysbios_hal_Hwi_Object__table__V
0c1e5778   xdc_runtime_System_Module_State_0_atexitHandlers__A
0c1e5788   ti_sysbios_hal_Timer_Object__table__V
0c1e57a8   ti_sysbios_gates_GateHwi_Object__table__V
0c1e57b0   Qmss_cdmaEoiVector
0c1e57b8   Radar_Qmss_cdmaEoiVector
0c1e5818   gDeviceNandBBlist
0c1e6a44   gDeviceNand
0c1e6a7c   gDeviceNor
0c1e6ab4   gDeviceEeprom0
0c1e6aec   gDeviceEeprom1
0c1e6b28   emac_port_mode
0c1e6b30   printlog
0c1e7530   DebugLog
0c1e7c00   ti_sysbios_family_c64p_Hwi0
0c1e7c20   ti_sysbios_family_c64p_Hwi1
0c1e7c40   ti_sysbios_family_c64p_Hwi2
0c1e7c60   ti_sysbios_family_c64p_Hwi3
0c1e7c80   ti_sysbios_family_c64p_Hwi4
0c1e7ca0   ti_sysbios_family_c64p_Hwi5
0c1e7cc0   ti_sysbios_family_c64p_Hwi6
0c1e7ce0   ti_sysbios_family_c64p_Hwi7
0c1e7d00   ti_sysbios_family_c64p_Hwi8
0c1e7d20   ti_sysbios_family_c64p_Hwi9
0c1e7d40   ti_sysbios_family_c64p_Hwi10
0c1e7d60   ti_sysbios_family_c64p_Hwi11
0c1e7d80   ti_sysbios_family_c64p_Hwi12
0c1e7da0   ti_sysbios_family_c64p_Hwi13
0c1e7dc0   ti_sysbios_family_c64p_Hwi14
0c1e7de0   ti_sysbios_family_c64p_Hwi15
0c1e8080   cppiObject
0c1e8280   _CSL_intcCpuIntrTable
0c1e8280   __TI_STATIC_BASE
0c1e82c4   _CSL_intcNumEvents
0c1e82c8   _CSL_intcEventHandlerRecord
0c1e82e4   _IGMPInDiscard
0c1e82e8   _IGMPInQuery
0c1e82ec   _IGMPInQueryGroup
0c1e82f0   _IGMPInResponse
0c1e82f4   _IGMPOutResponse
0c1e82f8   gTxCmdReturnQHnd
0c1e82fc   gTxCmdFreeQHnd
0c1e8300   ethSemHandle
0c1e8304   _CSL_intcAllocMask
0c1e8308   _CSL_intcEventOffsetMap
0c1e831c   uRecvCnt
0c1e8330   PITCount
0c1e8334   PITUsed
0c1e8338   PITHigh
0c1e8384   ti_ndk_config_Global_HostName
0c1e8388   LocalIPAddr
0c1e838c   LocalIPMask
0c1e8390   GatewayIP
0c1e8394   DomainName
0c1e83b4   _IGMPForceVersion1
0c1e83bc   ssd
0c1e83c0   csd
0c1e83dc   DebugLogSize
0c1e83e0   DebugCritError
0c1e83ec   _ICMPInErrors
0c1e83f0   _ICMPOutErrors
0c1e83f4   _IPExecuting
0c1e8414   tcp_iss
0c1e8418   ptTimeFirst
0c1e8424   platform_errno
0c1e8428   platform_init_return_code
0c1e843c   _IPReasmPtr
0c1e8450   qmssLObjIsValid
0c1e8454   ti_ndk_config_Global_rawPageSize
0c1e8458   ti_ndk_config_Global_rawPageCount
0c1e845c   ti_ndk_config_Global_smallest
0c1e8460   ti_ndk_config_Global_largest
0c1e8464   ti_ndk_config_Global_numFrameBuf
0c1e8468   ti_ndk_config_Global_sizeFrameBuf
0c1e846c   heapMem0
0c1e8470   hNetRecvTask
0c1e8474   hSigProcTask
0c1e8478   hHostCmdRespTask
0c1e847c   hHostCmdResponseMail
0c1e8480   hNetSendMail
0c1e8484   hProcBufMail
0c1e8488   hwi0
0c1e848c   hUpLoadDataMail
0c1e8490   hNetworkSendTask
0c1e84a0   Raco_Vec_C6678_SYN_MultiCore
0c1e84a0   Raco_Vec_C6678_Start
0c1e8660   __CIOBUF_
0c1e9a84   __TI_Handler_Table_Base
0c1e9a90   __TI_Handler_Table_Limit
0c1e9b40   __TI_CINIT_Base
0c1e9c18   __TI_CINIT_Limit
80000000   ti_sysbios_heaps_HeapMem_Instance_State_0_buf__A
ffffffff   __TI_pprof_out_hndl
ffffffff   __TI_prof_data_size
ffffffff   __TI_prof_data_start
ffffffff   __binit__
ffffffff   __c_args__
ffffffff   binit
UNDEFED    __TI_INITARRAY_Base
UNDEFED    __TI_INITARRAY_Limit

[1784 symbols]
